TimeQuest Timing Analyzer report for MC1
Mon Jul 15 10:28:52 2024
Quartus II 32-bit Version 13.0.1 Build 232 06/12/2013 Service Pack 1 SJ Web Edition


---------------------
; Table of Contents ;
---------------------
  1. Legal Notice
  2. TimeQuest Timing Analyzer Summary
  3. Parallel Compilation
  4. Clocks
  5. Slow Model Fmax Summary
  6. Slow Model Setup Summary
  7. Slow Model Hold Summary
  8. Slow Model Recovery Summary
  9. Slow Model Removal Summary
 10. Slow Model Minimum Pulse Width Summary
 11. Propagation Delay
 12. Minimum Propagation Delay
 13. Fast Model Setup Summary
 14. Fast Model Hold Summary
 15. Fast Model Recovery Summary
 16. Fast Model Removal Summary
 17. Fast Model Minimum Pulse Width Summary
 18. Propagation Delay
 19. Minimum Propagation Delay
 20. Multicorner Timing Analysis Summary
 21. Progagation Delay
 22. Minimum Progagation Delay
 23. Clock Transfers
 24. Report TCCS
 25. Report RSKM
 26. Unconstrained Paths
 27. TimeQuest Timing Analyzer Messages



----------------
; Legal Notice ;
----------------
Copyright (C) 1991-2013 Altera Corporation
Your use of Altera Corporation's design tools, logic functions 
and other software and tools, and its AMPP partner logic 
functions, and any output files from any of the foregoing 
(including device programming or simulation files), and any 
associated documentation or information are expressly subject 
to the terms and conditions of the Altera Program License 
Subscription Agreement, Altera MegaCore Function License 
Agreement, or other applicable license agreement, including, 
without limitation, that your use is for the sole purpose of 
programming logic devices manufactured by Altera and sold by 
Altera or its authorized distributors.  Please refer to the 
applicable agreement for further details.



+----------------------------------------------------------------------------------------+
; TimeQuest Timing Analyzer Summary                                                      ;
+--------------------+-------------------------------------------------------------------+
; Quartus II Version ; Version 13.0.1 Build 232 06/12/2013 Service Pack 1 SJ Web Edition ;
; Revision Name      ; MC1                                                               ;
; Device Family      ; Cyclone II                                                        ;
; Device Name        ; EP2C5F256C6                                                       ;
; Timing Models      ; Final                                                             ;
; Delay Model        ; Combined                                                          ;
; Rise/Fall Delays   ; Unavailable                                                       ;
+--------------------+-------------------------------------------------------------------+


Parallel compilation was disabled, but you have multiple processors available. Enable parallel compilation to reduce compilation time.
+-------------------------------------+
; Parallel Compilation                ;
+----------------------------+--------+
; Processors                 ; Number ;
+----------------------------+--------+
; Number detected on machine ; 8      ;
; Maximum allowed            ; 1      ;
+----------------------------+--------+


----------
; Clocks ;
----------
No clocks to report.


---------------------------
; Slow Model Fmax Summary ;
---------------------------
No paths to report.


----------------------------
; Slow Model Setup Summary ;
----------------------------
No paths to report.


---------------------------
; Slow Model Hold Summary ;
---------------------------
No paths to report.


-------------------------------
; Slow Model Recovery Summary ;
-------------------------------
No paths to report.


------------------------------
; Slow Model Removal Summary ;
------------------------------
No paths to report.


------------------------------------------
; Slow Model Minimum Pulse Width Summary ;
------------------------------------------
No paths to report.


+--------------------------------------------------------------+
; Propagation Delay                                            ;
+------------+-------------+--------+--------+--------+--------+
; Input Port ; Output Port ; RR     ; RF     ; FR     ; FF     ;
+------------+-------------+--------+--------+--------+--------+
; INPUT[0]   ; OUTPUT[0]   ; 10.070 ;        ;        ; 10.070 ;
; INPUT[0]   ; OUTPUT[8]   ; 10.656 ;        ;        ; 10.656 ;
; INPUT[0]   ; Z           ;        ; 11.507 ; 11.507 ;        ;
; INPUT[1]   ; OUTPUT[0]   ; 9.775  ;        ;        ; 9.775  ;
; INPUT[1]   ; OUTPUT[1]   ; 9.838  ;        ;        ; 9.838  ;
; INPUT[1]   ; OUTPUT[9]   ; 10.969 ;        ;        ; 10.969 ;
; INPUT[1]   ; Z           ;        ; 11.964 ; 11.964 ;        ;
; INPUT[2]   ; OUTPUT[1]   ; 9.713  ;        ;        ; 9.713  ;
; INPUT[2]   ; OUTPUT[2]   ; 9.844  ;        ;        ; 9.844  ;
; INPUT[2]   ; OUTPUT[10]  ; 11.019 ;        ;        ; 11.019 ;
; INPUT[2]   ; Z           ;        ; 13.853 ; 13.853 ;        ;
; INPUT[3]   ; OUTPUT[2]   ; 9.699  ;        ;        ; 9.699  ;
; INPUT[3]   ; OUTPUT[3]   ; 9.772  ;        ;        ; 9.772  ;
; INPUT[3]   ; OUTPUT[11]  ; 10.610 ;        ;        ; 10.610 ;
; INPUT[3]   ; Z           ;        ; 13.076 ; 13.076 ;        ;
; INPUT[4]   ; OUTPUT[3]   ; 9.734  ;        ;        ; 9.734  ;
; INPUT[4]   ; OUTPUT[4]   ; 9.521  ;        ;        ; 9.521  ;
; INPUT[4]   ; OUTPUT[12]  ; 9.898  ;        ;        ; 9.898  ;
; INPUT[4]   ; Z           ;        ; 12.505 ; 12.505 ;        ;
; INPUT[5]   ; OUTPUT[4]   ; 9.845  ;        ;        ; 9.845  ;
; INPUT[5]   ; OUTPUT[5]   ; 11.167 ;        ;        ; 11.167 ;
; INPUT[5]   ; OUTPUT[13]  ; 11.503 ;        ;        ; 11.503 ;
; INPUT[5]   ; Z           ;        ; 13.691 ; 13.691 ;        ;
; INPUT[6]   ; OUTPUT[5]   ; 10.638 ;        ;        ; 10.638 ;
; INPUT[6]   ; OUTPUT[6]   ; 10.540 ;        ;        ; 10.540 ;
; INPUT[6]   ; OUTPUT[14]  ; 10.524 ;        ;        ; 10.524 ;
; INPUT[6]   ; Z           ;        ; 14.405 ; 14.405 ;        ;
; INPUT[7]   ; OUTPUT[6]   ; 10.272 ;        ;        ; 10.272 ;
; INPUT[7]   ; OUTPUT[7]   ; 10.005 ;        ;        ; 10.005 ;
; INPUT[7]   ; OUTPUT[15]  ; 10.452 ;        ;        ; 10.452 ;
; INPUT[7]   ; Z           ;        ; 13.942 ; 13.942 ;        ;
; INPUT[8]   ; OUTPUT[7]   ; 9.988  ;        ;        ; 9.988  ;
; INPUT[8]   ; OUTPUT[8]   ; 10.259 ;        ;        ; 10.259 ;
; INPUT[8]   ; OUTPUT[16]  ; 10.469 ;        ;        ; 10.469 ;
; INPUT[8]   ; Z           ;        ; 14.137 ; 14.137 ;        ;
; INPUT[9]   ; OUTPUT[8]   ; 10.584 ;        ;        ; 10.584 ;
; INPUT[9]   ; OUTPUT[9]   ; 10.187 ;        ;        ; 10.187 ;
; INPUT[9]   ; OUTPUT[17]  ; 12.051 ;        ;        ; 12.051 ;
; INPUT[9]   ; Z           ;        ; 15.522 ; 15.522 ;        ;
; INPUT[10]  ; OUTPUT[9]   ; 10.655 ;        ;        ; 10.655 ;
; INPUT[10]  ; OUTPUT[10]  ; 9.974  ;        ;        ; 9.974  ;
; INPUT[10]  ; OUTPUT[18]  ; 10.849 ;        ;        ; 10.849 ;
; INPUT[10]  ; Z           ;        ; 13.481 ; 13.481 ;        ;
; INPUT[11]  ; OUTPUT[10]  ; 7.232  ;        ;        ; 7.232  ;
; INPUT[11]  ; OUTPUT[11]  ; 6.100  ;        ;        ; 6.100  ;
; INPUT[11]  ; OUTPUT[19]  ; 7.341  ;        ;        ; 7.341  ;
; INPUT[11]  ; Z           ;        ; 10.136 ; 10.136 ;        ;
; INPUT[12]  ; OUTPUT[11]  ; 6.783  ;        ;        ; 6.783  ;
; INPUT[12]  ; OUTPUT[12]  ; 5.684  ;        ;        ; 5.684  ;
; INPUT[12]  ; OUTPUT[20]  ; 6.496  ;        ;        ; 6.496  ;
; INPUT[12]  ; Z           ;        ; 9.675  ; 9.675  ;        ;
; INPUT[13]  ; OUTPUT[12]  ; 6.586  ;        ;        ; 6.586  ;
; INPUT[13]  ; OUTPUT[13]  ; 6.313  ;        ;        ; 6.313  ;
; INPUT[13]  ; OUTPUT[21]  ; 6.444  ;        ;        ; 6.444  ;
; INPUT[13]  ; Z           ;        ; 9.960  ; 9.960  ;        ;
; INPUT[14]  ; OUTPUT[13]  ; 7.399  ;        ;        ; 7.399  ;
; INPUT[14]  ; OUTPUT[14]  ; 5.989  ;        ;        ; 5.989  ;
; INPUT[14]  ; OUTPUT[22]  ; 6.824  ;        ;        ; 6.824  ;
; INPUT[14]  ; Z           ;        ; 10.066 ; 10.066 ;        ;
; INPUT[15]  ; OUTPUT[14]  ; 10.143 ;        ;        ; 10.143 ;
; INPUT[15]  ; OUTPUT[15]  ; 9.985  ;        ;        ; 9.985  ;
; INPUT[15]  ; OUTPUT[23]  ; 10.693 ;        ;        ; 10.693 ;
; INPUT[15]  ; Z           ;        ; 14.067 ; 14.067 ;        ;
; INPUT[16]  ; OUTPUT[15]  ; 10.555 ;        ;        ; 10.555 ;
; INPUT[16]  ; OUTPUT[16]  ; 9.615  ;        ;        ; 9.615  ;
; INPUT[16]  ; OUTPUT[24]  ; 10.488 ;        ;        ; 10.488 ;
; INPUT[16]  ; Z           ;        ; 14.239 ; 14.239 ;        ;
; INPUT[17]  ; OUTPUT[16]  ; 11.072 ;        ;        ; 11.072 ;
; INPUT[17]  ; OUTPUT[17]  ; 10.485 ;        ;        ; 10.485 ;
; INPUT[17]  ; OUTPUT[25]  ; 10.967 ;        ;        ; 10.967 ;
; INPUT[17]  ; Z           ;        ; 14.990 ; 14.990 ;        ;
; INPUT[18]  ; OUTPUT[17]  ; 11.529 ;        ;        ; 11.529 ;
; INPUT[18]  ; OUTPUT[18]  ; 10.518 ;        ;        ; 10.518 ;
; INPUT[18]  ; OUTPUT[26]  ; 10.584 ;        ;        ; 10.584 ;
; INPUT[18]  ; Z           ;        ; 15.000 ; 15.000 ;        ;
; INPUT[19]  ; OUTPUT[18]  ; 11.066 ;        ;        ; 11.066 ;
; INPUT[19]  ; OUTPUT[19]  ; 10.673 ;        ;        ; 10.673 ;
; INPUT[19]  ; OUTPUT[27]  ; 11.010 ;        ;        ; 11.010 ;
; INPUT[19]  ; Z           ;        ; 13.698 ; 13.698 ;        ;
; INPUT[20]  ; OUTPUT[19]  ; 10.840 ;        ;        ; 10.840 ;
; INPUT[20]  ; OUTPUT[20]  ; 9.761  ;        ;        ; 9.761  ;
; INPUT[20]  ; OUTPUT[28]  ; 10.381 ;        ;        ; 10.381 ;
; INPUT[20]  ; Z           ;        ; 13.635 ; 13.635 ;        ;
; INPUT[21]  ; OUTPUT[20]  ; 10.151 ;        ;        ; 10.151 ;
; INPUT[21]  ; OUTPUT[21]  ; 9.825  ;        ;        ; 9.825  ;
; INPUT[21]  ; OUTPUT[29]  ; 10.370 ;        ;        ; 10.370 ;
; INPUT[21]  ; Z           ;        ; 13.341 ; 13.341 ;        ;
; INPUT[22]  ; OUTPUT[21]  ; 10.459 ;        ;        ; 10.459 ;
; INPUT[22]  ; OUTPUT[22]  ; 9.760  ;        ;        ; 9.760  ;
; INPUT[22]  ; OUTPUT[30]  ; 11.088 ;        ;        ; 11.088 ;
; INPUT[22]  ; Z           ;        ; 13.975 ; 13.975 ;        ;
; INPUT[23]  ; N           ; 11.051 ;        ;        ; 11.051 ;
; INPUT[23]  ; OUTPUT[22]  ; 10.262 ;        ;        ; 10.262 ;
; INPUT[23]  ; OUTPUT[23]  ; 9.593  ;        ;        ; 9.593  ;
; INPUT[23]  ; OUTPUT[31]  ; 11.522 ;        ;        ; 11.522 ;
; INPUT[23]  ; Z           ;        ; 13.504 ; 13.504 ;        ;
; INPUT[24]  ; OUTPUT[23]  ; 11.253 ;        ;        ; 11.253 ;
; INPUT[24]  ; OUTPUT[24]  ; 10.307 ;        ;        ; 10.307 ;
; INPUT[24]  ; Z           ;        ; 14.627 ; 14.627 ;        ;
; INPUT[25]  ; OUTPUT[24]  ; 10.502 ;        ;        ; 10.502 ;
; INPUT[25]  ; OUTPUT[25]  ; 9.608  ;        ;        ; 9.608  ;
; INPUT[25]  ; Z           ;        ; 14.253 ; 14.253 ;        ;
; INPUT[26]  ; OUTPUT[25]  ; 10.420 ;        ;        ; 10.420 ;
; INPUT[26]  ; OUTPUT[26]  ; 10.126 ;        ;        ; 10.126 ;
; INPUT[26]  ; Z           ;        ; 14.443 ; 14.443 ;        ;
; INPUT[27]  ; OUTPUT[26]  ; 10.050 ;        ;        ; 10.050 ;
; INPUT[27]  ; OUTPUT[27]  ; 9.894  ;        ;        ; 9.894  ;
; INPUT[27]  ; Z           ;        ; 12.917 ; 12.917 ;        ;
; INPUT[28]  ; OUTPUT[27]  ; 10.781 ;        ;        ; 10.781 ;
; INPUT[28]  ; OUTPUT[28]  ; 10.147 ;        ;        ; 10.147 ;
; INPUT[28]  ; Z           ;        ; 13.361 ; 13.361 ;        ;
; INPUT[29]  ; OUTPUT[28]  ; 10.573 ;        ;        ; 10.573 ;
; INPUT[29]  ; OUTPUT[29]  ; 9.945  ;        ;        ; 9.945  ;
; INPUT[29]  ; Z           ;        ; 13.290 ; 13.290 ;        ;
; INPUT[30]  ; OUTPUT[29]  ; 10.387 ;        ;        ; 10.387 ;
; INPUT[30]  ; OUTPUT[30]  ; 12.144 ;        ;        ; 12.144 ;
; INPUT[30]  ; Z           ;        ; 14.205 ; 14.205 ;        ;
; INPUT[31]  ; N           ; 11.227 ;        ;        ; 11.227 ;
; INPUT[31]  ; OUTPUT[30]  ; 12.072 ;        ;        ; 12.072 ;
; INPUT[31]  ; OUTPUT[31]  ; 11.698 ;        ;        ; 11.698 ;
; INPUT[31]  ; Z           ;        ; 14.133 ; 14.133 ;        ;
; MIR[22]    ; N           ; 11.570 ; 11.570 ; 11.570 ; 11.570 ;
; MIR[22]    ; OUTPUT[0]   ; 9.975  ; 9.975  ; 9.975  ; 9.975  ;
; MIR[22]    ; OUTPUT[1]   ; 9.876  ; 9.876  ; 9.876  ; 9.876  ;
; MIR[22]    ; OUTPUT[2]   ; 9.421  ; 9.421  ; 9.421  ; 9.421  ;
; MIR[22]    ; OUTPUT[3]   ; 9.777  ; 9.777  ; 9.777  ; 9.777  ;
; MIR[22]    ; OUTPUT[4]   ; 9.424  ; 9.424  ; 9.424  ; 9.424  ;
; MIR[22]    ; OUTPUT[5]   ; 11.212 ; 11.212 ; 11.212 ; 11.212 ;
; MIR[22]    ; OUTPUT[6]   ; 11.115 ; 11.115 ; 11.115 ; 11.115 ;
; MIR[22]    ; OUTPUT[7]   ; 10.577 ; 10.577 ; 10.577 ; 10.577 ;
; MIR[22]    ; OUTPUT[8]   ; 10.565 ; 10.565 ; 10.565 ; 10.565 ;
; MIR[22]    ; OUTPUT[9]   ; 10.863 ; 10.863 ; 10.863 ; 10.863 ;
; MIR[22]    ; OUTPUT[10]  ; 10.870 ; 10.870 ; 10.870 ; 10.870 ;
; MIR[22]    ; OUTPUT[11]  ; 10.334 ; 10.334 ; 10.334 ; 10.334 ;
; MIR[22]    ; OUTPUT[12]  ; 10.111 ; 10.111 ; 10.111 ; 10.111 ;
; MIR[22]    ; OUTPUT[13]  ; 11.330 ; 11.330 ; 11.330 ; 11.330 ;
; MIR[22]    ; OUTPUT[14]  ; 11.097 ; 11.097 ; 11.097 ; 11.097 ;
; MIR[22]    ; OUTPUT[15]  ; 11.281 ; 11.281 ; 11.281 ; 11.281 ;
; MIR[22]    ; OUTPUT[16]  ; 10.744 ; 10.744 ; 10.744 ; 10.744 ;
; MIR[22]    ; OUTPUT[17]  ; 11.731 ; 11.731 ; 11.731 ; 11.731 ;
; MIR[22]    ; OUTPUT[18]  ; 11.497 ; 11.497 ; 11.497 ; 11.497 ;
; MIR[22]    ; OUTPUT[19]  ; 11.485 ; 11.485 ; 11.485 ; 11.485 ;
; MIR[22]    ; OUTPUT[20]  ; 10.927 ; 10.927 ; 10.927 ; 10.927 ;
; MIR[22]    ; OUTPUT[21]  ; 11.102 ; 11.102 ; 11.102 ; 11.102 ;
; MIR[22]    ; OUTPUT[22]  ; 11.045 ; 11.045 ; 11.045 ; 11.045 ;
; MIR[22]    ; OUTPUT[23]  ; 11.505 ; 11.505 ; 11.505 ; 11.505 ;
; MIR[22]    ; OUTPUT[24]  ; 11.213 ; 11.213 ; 11.213 ; 11.213 ;
; MIR[22]    ; OUTPUT[25]  ; 10.980 ; 10.980 ; 10.980 ; 10.980 ;
; MIR[22]    ; OUTPUT[26]  ; 11.025 ; 11.025 ; 11.025 ; 11.025 ;
; MIR[22]    ; OUTPUT[27]  ; 10.974 ; 10.974 ; 10.974 ; 10.974 ;
; MIR[22]    ; OUTPUT[28]  ; 11.053 ; 11.053 ; 11.053 ; 11.053 ;
; MIR[22]    ; OUTPUT[29]  ; 10.927 ; 10.927 ; 10.927 ; 10.927 ;
; MIR[22]    ; OUTPUT[30]  ; 12.435 ; 12.435 ; 12.435 ; 12.435 ;
; MIR[22]    ; OUTPUT[31]  ; 12.041 ; 12.041 ; 12.041 ; 12.041 ;
; MIR[22]    ; Z           ; 15.202 ; 15.202 ; 15.202 ; 15.202 ;
; MIR[23]    ; N           ; 11.499 ; 11.499 ; 11.499 ; 11.499 ;
; MIR[23]    ; OUTPUT[0]   ; 10.350 ; 10.350 ; 10.350 ; 10.350 ;
; MIR[23]    ; OUTPUT[1]   ; 9.831  ; 9.831  ; 9.831  ; 9.831  ;
; MIR[23]    ; OUTPUT[2]   ; 10.057 ; 10.057 ; 10.057 ; 10.057 ;
; MIR[23]    ; OUTPUT[3]   ; 10.279 ; 10.279 ; 10.279 ; 10.279 ;
; MIR[23]    ; OUTPUT[4]   ; 10.065 ; 10.065 ; 10.065 ; 10.065 ;
; MIR[23]    ; OUTPUT[5]   ; 11.042 ; 11.042 ; 11.042 ; 11.042 ;
; MIR[23]    ; OUTPUT[6]   ; 11.190 ; 11.190 ; 11.190 ; 11.190 ;
; MIR[23]    ; OUTPUT[7]   ; 10.411 ; 10.411 ; 10.411 ; 10.411 ;
; MIR[23]    ; OUTPUT[8]   ; 10.939 ; 10.939 ; 10.939 ; 10.939 ;
; MIR[23]    ; OUTPUT[9]   ; 11.241 ; 11.241 ; 11.241 ; 11.241 ;
; MIR[23]    ; OUTPUT[10]  ; 10.963 ; 10.963 ; 10.963 ; 10.963 ;
; MIR[23]    ; OUTPUT[11]  ; 10.972 ; 10.972 ; 10.972 ; 10.972 ;
; MIR[23]    ; OUTPUT[12]  ; 10.984 ; 10.984 ; 10.984 ; 10.984 ;
; MIR[23]    ; OUTPUT[13]  ; 11.558 ; 11.558 ; 11.558 ; 11.558 ;
; MIR[23]    ; OUTPUT[14]  ; 10.936 ; 10.936 ; 10.936 ; 10.936 ;
; MIR[23]    ; OUTPUT[15]  ; 11.378 ; 11.378 ; 11.378 ; 11.378 ;
; MIR[23]    ; OUTPUT[16]  ; 11.176 ; 11.176 ; 11.176 ; 11.176 ;
; MIR[23]    ; OUTPUT[17]  ; 12.099 ; 12.099 ; 12.099 ; 12.099 ;
; MIR[23]    ; OUTPUT[18]  ; 11.531 ; 11.531 ; 11.531 ; 11.531 ;
; MIR[23]    ; OUTPUT[19]  ; 11.552 ; 11.552 ; 11.552 ; 11.552 ;
; MIR[23]    ; OUTPUT[20]  ; 10.710 ; 10.710 ; 10.710 ; 10.710 ;
; MIR[23]    ; OUTPUT[21]  ; 11.318 ; 11.318 ; 11.318 ; 11.318 ;
; MIR[23]    ; OUTPUT[22]  ; 10.979 ; 10.979 ; 10.979 ; 10.979 ;
; MIR[23]    ; OUTPUT[23]  ; 11.336 ; 11.336 ; 11.336 ; 11.336 ;
; MIR[23]    ; OUTPUT[24]  ; 11.076 ; 11.076 ; 11.076 ; 11.076 ;
; MIR[23]    ; OUTPUT[25]  ; 10.844 ; 10.844 ; 10.844 ; 10.844 ;
; MIR[23]    ; OUTPUT[26]  ; 10.812 ; 10.812 ; 10.812 ; 10.812 ;
; MIR[23]    ; OUTPUT[27]  ; 11.326 ; 11.326 ; 11.326 ; 11.326 ;
; MIR[23]    ; OUTPUT[28]  ; 11.067 ; 11.067 ; 11.067 ; 11.067 ;
; MIR[23]    ; OUTPUT[29]  ; 10.869 ; 10.869 ; 10.869 ; 10.869 ;
; MIR[23]    ; OUTPUT[30]  ; 12.353 ; 12.353 ; 12.353 ; 12.353 ;
; MIR[23]    ; OUTPUT[31]  ; 11.970 ; 11.970 ; 11.970 ; 11.970 ;
; MIR[23]    ; Z           ; 15.570 ; 15.570 ; 15.570 ; 15.570 ;
+------------+-------------+--------+--------+--------+--------+


+--------------------------------------------------------------+
; Minimum Propagation Delay                                    ;
+------------+-------------+--------+--------+--------+--------+
; Input Port ; Output Port ; RR     ; RF     ; FR     ; FF     ;
+------------+-------------+--------+--------+--------+--------+
; INPUT[0]   ; OUTPUT[0]   ; 10.070 ;        ;        ; 10.070 ;
; INPUT[0]   ; OUTPUT[8]   ; 10.656 ;        ;        ; 10.656 ;
; INPUT[0]   ; Z           ;        ; 11.343 ; 11.343 ;        ;
; INPUT[1]   ; OUTPUT[0]   ; 9.775  ;        ;        ; 9.775  ;
; INPUT[1]   ; OUTPUT[1]   ; 9.838  ;        ;        ; 9.838  ;
; INPUT[1]   ; OUTPUT[9]   ; 10.969 ;        ;        ; 10.969 ;
; INPUT[1]   ; Z           ;        ; 11.048 ; 11.048 ;        ;
; INPUT[2]   ; OUTPUT[1]   ; 9.713  ;        ;        ; 9.713  ;
; INPUT[2]   ; OUTPUT[2]   ; 9.844  ;        ;        ; 9.844  ;
; INPUT[2]   ; OUTPUT[10]  ; 11.019 ;        ;        ; 11.019 ;
; INPUT[2]   ; Z           ;        ; 11.339 ; 11.339 ;        ;
; INPUT[3]   ; OUTPUT[2]   ; 9.699  ;        ;        ; 9.699  ;
; INPUT[3]   ; OUTPUT[3]   ; 9.772  ;        ;        ; 9.772  ;
; INPUT[3]   ; OUTPUT[11]  ; 10.610 ;        ;        ; 10.610 ;
; INPUT[3]   ; Z           ;        ; 11.829 ; 11.829 ;        ;
; INPUT[4]   ; OUTPUT[3]   ; 9.734  ;        ;        ; 9.734  ;
; INPUT[4]   ; OUTPUT[4]   ; 9.521  ;        ;        ; 9.521  ;
; INPUT[4]   ; OUTPUT[12]  ; 9.898  ;        ;        ; 9.898  ;
; INPUT[4]   ; Z           ;        ; 11.791 ; 11.791 ;        ;
; INPUT[5]   ; OUTPUT[4]   ; 9.845  ;        ;        ; 9.845  ;
; INPUT[5]   ; OUTPUT[5]   ; 11.167 ;        ;        ; 11.167 ;
; INPUT[5]   ; OUTPUT[13]  ; 11.503 ;        ;        ; 11.503 ;
; INPUT[5]   ; Z           ;        ; 12.570 ; 12.570 ;        ;
; INPUT[6]   ; OUTPUT[5]   ; 10.638 ;        ;        ; 10.638 ;
; INPUT[6]   ; OUTPUT[6]   ; 10.540 ;        ;        ; 10.540 ;
; INPUT[6]   ; OUTPUT[14]  ; 10.524 ;        ;        ; 10.524 ;
; INPUT[6]   ; Z           ;        ; 12.965 ; 12.965 ;        ;
; INPUT[7]   ; OUTPUT[6]   ; 10.272 ;        ;        ; 10.272 ;
; INPUT[7]   ; OUTPUT[7]   ; 10.005 ;        ;        ; 10.005 ;
; INPUT[7]   ; OUTPUT[15]  ; 10.452 ;        ;        ; 10.452 ;
; INPUT[7]   ; Z           ;        ; 12.834 ; 12.834 ;        ;
; INPUT[8]   ; OUTPUT[7]   ; 9.988  ;        ;        ; 9.988  ;
; INPUT[8]   ; OUTPUT[8]   ; 10.259 ;        ;        ; 10.259 ;
; INPUT[8]   ; OUTPUT[16]  ; 10.469 ;        ;        ; 10.469 ;
; INPUT[8]   ; Z           ;        ; 11.110 ; 11.110 ;        ;
; INPUT[9]   ; OUTPUT[8]   ; 10.584 ;        ;        ; 10.584 ;
; INPUT[9]   ; OUTPUT[9]   ; 10.187 ;        ;        ; 10.187 ;
; INPUT[9]   ; OUTPUT[17]  ; 12.051 ;        ;        ; 12.051 ;
; INPUT[9]   ; Z           ;        ; 11.182 ; 11.182 ;        ;
; INPUT[10]  ; OUTPUT[9]   ; 10.655 ;        ;        ; 10.655 ;
; INPUT[10]  ; OUTPUT[10]  ; 9.974  ;        ;        ; 9.974  ;
; INPUT[10]  ; OUTPUT[18]  ; 10.849 ;        ;        ; 10.849 ;
; INPUT[10]  ; Z           ;        ; 11.650 ; 11.650 ;        ;
; INPUT[11]  ; OUTPUT[10]  ; 7.232  ;        ;        ; 7.232  ;
; INPUT[11]  ; OUTPUT[11]  ; 6.100  ;        ;        ; 6.100  ;
; INPUT[11]  ; OUTPUT[19]  ; 7.341  ;        ;        ; 7.341  ;
; INPUT[11]  ; Z           ;        ; 8.566  ; 8.566  ;        ;
; INPUT[12]  ; OUTPUT[11]  ; 6.783  ;        ;        ; 6.783  ;
; INPUT[12]  ; OUTPUT[12]  ; 5.684  ;        ;        ; 5.684  ;
; INPUT[12]  ; OUTPUT[20]  ; 6.496  ;        ;        ; 6.496  ;
; INPUT[12]  ; Z           ;        ; 8.291  ; 8.291  ;        ;
; INPUT[13]  ; OUTPUT[12]  ; 6.586  ;        ;        ; 6.586  ;
; INPUT[13]  ; OUTPUT[13]  ; 6.313  ;        ;        ; 6.313  ;
; INPUT[13]  ; OUTPUT[21]  ; 6.444  ;        ;        ; 6.444  ;
; INPUT[13]  ; Z           ;        ; 8.501  ; 8.501  ;        ;
; INPUT[14]  ; OUTPUT[13]  ; 7.399  ;        ;        ; 7.399  ;
; INPUT[14]  ; OUTPUT[14]  ; 5.989  ;        ;        ; 5.989  ;
; INPUT[14]  ; OUTPUT[22]  ; 6.824  ;        ;        ; 6.824  ;
; INPUT[14]  ; Z           ;        ; 9.587  ; 9.587  ;        ;
; INPUT[15]  ; OUTPUT[14]  ; 10.143 ;        ;        ; 10.143 ;
; INPUT[15]  ; OUTPUT[15]  ; 9.985  ;        ;        ; 9.985  ;
; INPUT[15]  ; OUTPUT[23]  ; 10.693 ;        ;        ; 10.693 ;
; INPUT[15]  ; Z           ;        ; 13.475 ; 13.475 ;        ;
; INPUT[16]  ; OUTPUT[15]  ; 10.555 ;        ;        ; 10.555 ;
; INPUT[16]  ; OUTPUT[16]  ; 9.615  ;        ;        ; 9.615  ;
; INPUT[16]  ; OUTPUT[24]  ; 10.488 ;        ;        ; 10.488 ;
; INPUT[16]  ; Z           ;        ; 13.283 ; 13.283 ;        ;
; INPUT[17]  ; OUTPUT[16]  ; 11.072 ;        ;        ; 11.072 ;
; INPUT[17]  ; OUTPUT[17]  ; 10.485 ;        ;        ; 10.485 ;
; INPUT[17]  ; OUTPUT[25]  ; 10.967 ;        ;        ; 10.967 ;
; INPUT[17]  ; Z           ;        ; 13.956 ; 13.956 ;        ;
; INPUT[18]  ; OUTPUT[17]  ; 11.529 ;        ;        ; 11.529 ;
; INPUT[18]  ; OUTPUT[18]  ; 10.518 ;        ;        ; 10.518 ;
; INPUT[18]  ; OUTPUT[26]  ; 10.584 ;        ;        ; 10.584 ;
; INPUT[18]  ; Z           ;        ; 13.150 ; 13.150 ;        ;
; INPUT[19]  ; OUTPUT[18]  ; 11.066 ;        ;        ; 11.066 ;
; INPUT[19]  ; OUTPUT[19]  ; 10.673 ;        ;        ; 10.673 ;
; INPUT[19]  ; OUTPUT[27]  ; 11.010 ;        ;        ; 11.010 ;
; INPUT[19]  ; Z           ;        ; 13.468 ; 13.468 ;        ;
; INPUT[20]  ; OUTPUT[19]  ; 10.840 ;        ;        ; 10.840 ;
; INPUT[20]  ; OUTPUT[20]  ; 9.761  ;        ;        ; 9.761  ;
; INPUT[20]  ; OUTPUT[28]  ; 10.381 ;        ;        ; 10.381 ;
; INPUT[20]  ; Z           ;        ; 12.940 ; 12.940 ;        ;
; INPUT[21]  ; OUTPUT[20]  ; 10.151 ;        ;        ; 10.151 ;
; INPUT[21]  ; OUTPUT[21]  ; 9.825  ;        ;        ; 9.825  ;
; INPUT[21]  ; OUTPUT[29]  ; 10.370 ;        ;        ; 10.370 ;
; INPUT[21]  ; Z           ;        ; 13.218 ; 13.218 ;        ;
; INPUT[22]  ; OUTPUT[21]  ; 10.459 ;        ;        ; 10.459 ;
; INPUT[22]  ; OUTPUT[22]  ; 9.760  ;        ;        ; 9.760  ;
; INPUT[22]  ; OUTPUT[30]  ; 11.088 ;        ;        ; 11.088 ;
; INPUT[22]  ; Z           ;        ; 13.002 ; 13.002 ;        ;
; INPUT[23]  ; N           ; 11.051 ;        ;        ; 11.051 ;
; INPUT[23]  ; OUTPUT[22]  ; 10.262 ;        ;        ; 10.262 ;
; INPUT[23]  ; OUTPUT[23]  ; 9.593  ;        ;        ; 9.593  ;
; INPUT[23]  ; OUTPUT[31]  ; 11.522 ;        ;        ; 11.522 ;
; INPUT[23]  ; Z           ;        ; 12.560 ; 12.560 ;        ;
; INPUT[24]  ; OUTPUT[23]  ; 11.253 ;        ;        ; 11.253 ;
; INPUT[24]  ; OUTPUT[24]  ; 10.307 ;        ;        ; 10.307 ;
; INPUT[24]  ; Z           ;        ; 14.058 ; 14.058 ;        ;
; INPUT[25]  ; OUTPUT[24]  ; 10.502 ;        ;        ; 10.502 ;
; INPUT[25]  ; OUTPUT[25]  ; 9.608  ;        ;        ; 9.608  ;
; INPUT[25]  ; Z           ;        ; 13.631 ; 13.631 ;        ;
; INPUT[26]  ; OUTPUT[25]  ; 10.420 ;        ;        ; 10.420 ;
; INPUT[26]  ; OUTPUT[26]  ; 10.126 ;        ;        ; 10.126 ;
; INPUT[26]  ; Z           ;        ; 12.993 ; 12.993 ;        ;
; INPUT[27]  ; OUTPUT[26]  ; 10.050 ;        ;        ; 10.050 ;
; INPUT[27]  ; OUTPUT[27]  ; 9.894  ;        ;        ; 9.894  ;
; INPUT[27]  ; Z           ;        ; 12.474 ; 12.474 ;        ;
; INPUT[28]  ; OUTPUT[27]  ; 10.781 ;        ;        ; 10.781 ;
; INPUT[28]  ; OUTPUT[28]  ; 10.147 ;        ;        ; 10.147 ;
; INPUT[28]  ; Z           ;        ; 12.864 ; 12.864 ;        ;
; INPUT[29]  ; OUTPUT[28]  ; 10.573 ;        ;        ; 10.573 ;
; INPUT[29]  ; OUTPUT[29]  ; 9.945  ;        ;        ; 9.945  ;
; INPUT[29]  ; Z           ;        ; 12.793 ; 12.793 ;        ;
; INPUT[30]  ; OUTPUT[29]  ; 10.387 ;        ;        ; 10.387 ;
; INPUT[30]  ; OUTPUT[30]  ; 12.144 ;        ;        ; 12.144 ;
; INPUT[30]  ; Z           ;        ; 13.235 ; 13.235 ;        ;
; INPUT[31]  ; N           ; 11.227 ;        ;        ; 11.227 ;
; INPUT[31]  ; OUTPUT[30]  ; 12.072 ;        ;        ; 12.072 ;
; INPUT[31]  ; OUTPUT[31]  ; 11.698 ;        ;        ; 11.698 ;
; INPUT[31]  ; Z           ;        ; 12.736 ; 12.736 ;        ;
; MIR[22]    ; N           ; 11.570 ; 11.570 ; 11.570 ; 11.570 ;
; MIR[22]    ; OUTPUT[0]   ; 9.975  ; 9.975  ; 9.975  ; 9.975  ;
; MIR[22]    ; OUTPUT[1]   ; 9.876  ; 9.876  ; 9.876  ; 9.876  ;
; MIR[22]    ; OUTPUT[2]   ; 9.421  ; 9.421  ; 9.421  ; 9.421  ;
; MIR[22]    ; OUTPUT[3]   ; 9.777  ; 9.777  ; 9.777  ; 9.777  ;
; MIR[22]    ; OUTPUT[4]   ; 9.424  ; 9.424  ; 9.424  ; 9.424  ;
; MIR[22]    ; OUTPUT[5]   ; 11.212 ; 11.212 ; 11.212 ; 11.212 ;
; MIR[22]    ; OUTPUT[6]   ; 11.115 ; 11.115 ; 11.115 ; 11.115 ;
; MIR[22]    ; OUTPUT[7]   ; 10.577 ; 10.577 ; 10.577 ; 10.577 ;
; MIR[22]    ; OUTPUT[8]   ; 10.173 ; 10.173 ; 10.173 ; 10.173 ;
; MIR[22]    ; OUTPUT[9]   ; 10.173 ; 10.173 ; 10.173 ; 10.173 ;
; MIR[22]    ; OUTPUT[10]  ; 10.187 ; 10.187 ; 10.187 ; 10.187 ;
; MIR[22]    ; OUTPUT[11]  ; 9.635  ; 9.635  ; 9.635  ; 9.635  ;
; MIR[22]    ; OUTPUT[12]  ; 9.554  ; 9.554  ; 9.554  ; 9.554  ;
; MIR[22]    ; OUTPUT[13]  ; 10.976 ; 10.976 ; 10.976 ; 10.976 ;
; MIR[22]    ; OUTPUT[14]  ; 10.423 ; 10.423 ; 10.423 ; 10.423 ;
; MIR[22]    ; OUTPUT[15]  ; 10.787 ; 10.787 ; 10.787 ; 10.787 ;
; MIR[22]    ; OUTPUT[16]  ; 10.033 ; 10.033 ; 10.033 ; 10.033 ;
; MIR[22]    ; OUTPUT[17]  ; 10.773 ; 10.773 ; 10.773 ; 10.773 ;
; MIR[22]    ; OUTPUT[18]  ; 11.110 ; 11.110 ; 11.110 ; 11.110 ;
; MIR[22]    ; OUTPUT[19]  ; 11.120 ; 11.120 ; 11.120 ; 11.120 ;
; MIR[22]    ; OUTPUT[20]  ; 10.433 ; 10.433 ; 10.433 ; 10.433 ;
; MIR[22]    ; OUTPUT[21]  ; 10.095 ; 10.095 ; 10.095 ; 10.095 ;
; MIR[22]    ; OUTPUT[22]  ; 10.101 ; 10.101 ; 10.101 ; 10.101 ;
; MIR[22]    ; OUTPUT[23]  ; 10.398 ; 10.398 ; 10.398 ; 10.398 ;
; MIR[22]    ; OUTPUT[24]  ; 10.558 ; 10.558 ; 10.558 ; 10.558 ;
; MIR[22]    ; OUTPUT[25]  ; 10.319 ; 10.319 ; 10.319 ; 10.319 ;
; MIR[22]    ; OUTPUT[26]  ; 10.629 ; 10.629 ; 10.629 ; 10.629 ;
; MIR[22]    ; OUTPUT[27]  ; 10.871 ; 10.871 ; 10.871 ; 10.871 ;
; MIR[22]    ; OUTPUT[28]  ; 10.637 ; 10.637 ; 10.637 ; 10.637 ;
; MIR[22]    ; OUTPUT[29]  ; 10.414 ; 10.414 ; 10.414 ; 10.414 ;
; MIR[22]    ; OUTPUT[30]  ; 12.435 ; 11.424 ; 11.424 ; 12.435 ;
; MIR[22]    ; OUTPUT[31]  ; 12.041 ; 12.041 ; 12.041 ; 12.041 ;
; MIR[22]    ; Z           ; 11.024 ; 11.024 ; 11.024 ; 11.024 ;
; MIR[23]    ; N           ; 11.499 ; 11.499 ; 11.499 ; 11.499 ;
; MIR[23]    ; OUTPUT[0]   ; 10.350 ; 10.350 ; 10.350 ; 10.350 ;
; MIR[23]    ; OUTPUT[1]   ; 9.831  ; 9.831  ; 9.831  ; 9.831  ;
; MIR[23]    ; OUTPUT[2]   ; 10.057 ; 10.057 ; 10.057 ; 10.057 ;
; MIR[23]    ; OUTPUT[3]   ; 10.279 ; 10.279 ; 10.279 ; 10.279 ;
; MIR[23]    ; OUTPUT[4]   ; 10.065 ; 10.065 ; 10.065 ; 10.065 ;
; MIR[23]    ; OUTPUT[5]   ; 11.042 ; 11.042 ; 11.042 ; 11.042 ;
; MIR[23]    ; OUTPUT[6]   ; 11.190 ; 11.190 ; 11.190 ; 11.190 ;
; MIR[23]    ; OUTPUT[7]   ; 10.411 ; 10.411 ; 10.411 ; 10.411 ;
; MIR[23]    ; OUTPUT[8]   ; 10.545 ; 10.545 ; 10.545 ; 10.545 ;
; MIR[23]    ; OUTPUT[9]   ; 10.539 ; 10.539 ; 10.539 ; 10.539 ;
; MIR[23]    ; OUTPUT[10]  ; 10.524 ; 10.524 ; 10.524 ; 10.524 ;
; MIR[23]    ; OUTPUT[11]  ; 10.276 ; 10.276 ; 10.276 ; 10.276 ;
; MIR[23]    ; OUTPUT[12]  ; 10.047 ; 10.047 ; 10.047 ; 10.047 ;
; MIR[23]    ; OUTPUT[13]  ; 10.890 ; 10.890 ; 10.890 ; 10.890 ;
; MIR[23]    ; OUTPUT[14]  ; 10.269 ; 10.269 ; 10.269 ; 10.269 ;
; MIR[23]    ; OUTPUT[15]  ; 10.644 ; 10.644 ; 10.644 ; 10.644 ;
; MIR[23]    ; OUTPUT[16]  ; 10.437 ; 10.437 ; 10.437 ; 10.437 ;
; MIR[23]    ; OUTPUT[17]  ; 10.883 ; 10.883 ; 10.883 ; 10.883 ;
; MIR[23]    ; OUTPUT[18]  ; 11.157 ; 11.157 ; 11.157 ; 11.157 ;
; MIR[23]    ; OUTPUT[19]  ; 11.166 ; 11.166 ; 11.166 ; 11.166 ;
; MIR[23]    ; OUTPUT[20]  ; 10.477 ; 10.477 ; 10.477 ; 10.477 ;
; MIR[23]    ; OUTPUT[21]  ; 10.322 ; 10.322 ; 10.322 ; 10.322 ;
; MIR[23]    ; OUTPUT[22]  ; 10.483 ; 10.483 ; 10.483 ; 10.483 ;
; MIR[23]    ; OUTPUT[23]  ; 10.317 ; 10.317 ; 10.317 ; 10.317 ;
; MIR[23]    ; OUTPUT[24]  ; 10.391 ; 10.391 ; 10.391 ; 10.391 ;
; MIR[23]    ; OUTPUT[25]  ; 10.182 ; 10.182 ; 10.182 ; 10.182 ;
; MIR[23]    ; OUTPUT[26]  ; 10.687 ; 10.687 ; 10.687 ; 10.687 ;
; MIR[23]    ; OUTPUT[27]  ; 10.933 ; 10.933 ; 10.933 ; 10.933 ;
; MIR[23]    ; OUTPUT[28]  ; 10.704 ; 10.704 ; 10.704 ; 10.704 ;
; MIR[23]    ; OUTPUT[29]  ; 10.483 ; 10.483 ; 10.483 ; 10.483 ;
; MIR[23]    ; OUTPUT[30]  ; 11.979 ; 12.353 ; 12.353 ; 11.979 ;
; MIR[23]    ; OUTPUT[31]  ; 11.970 ; 11.970 ; 11.970 ; 11.970 ;
; MIR[23]    ; Z           ; 11.396 ; 11.396 ; 11.396 ; 11.396 ;
+------------+-------------+--------+--------+--------+--------+


----------------------------
; Fast Model Setup Summary ;
----------------------------
No paths to report.


---------------------------
; Fast Model Hold Summary ;
---------------------------
No paths to report.


-------------------------------
; Fast Model Recovery Summary ;
-------------------------------
No paths to report.


------------------------------
; Fast Model Removal Summary ;
------------------------------
No paths to report.


------------------------------------------
; Fast Model Minimum Pulse Width Summary ;
------------------------------------------
No paths to report.


+----------------------------------------------------------+
; Propagation Delay                                        ;
+------------+-------------+-------+-------+-------+-------+
; Input Port ; Output Port ; RR    ; RF    ; FR    ; FF    ;
+------------+-------------+-------+-------+-------+-------+
; INPUT[0]   ; OUTPUT[0]   ; 5.576 ;       ;       ; 5.576 ;
; INPUT[0]   ; OUTPUT[8]   ; 5.817 ;       ;       ; 5.817 ;
; INPUT[0]   ; Z           ;       ; 6.201 ; 6.201 ;       ;
; INPUT[1]   ; OUTPUT[0]   ; 5.451 ;       ;       ; 5.451 ;
; INPUT[1]   ; OUTPUT[1]   ; 5.461 ;       ;       ; 5.461 ;
; INPUT[1]   ; OUTPUT[9]   ; 5.951 ;       ;       ; 5.951 ;
; INPUT[1]   ; Z           ;       ; 6.388 ; 6.388 ;       ;
; INPUT[2]   ; OUTPUT[1]   ; 5.437 ;       ;       ; 5.437 ;
; INPUT[2]   ; OUTPUT[2]   ; 5.508 ;       ;       ; 5.508 ;
; INPUT[2]   ; OUTPUT[10]  ; 6.032 ;       ;       ; 6.032 ;
; INPUT[2]   ; Z           ;       ; 7.343 ; 7.343 ;       ;
; INPUT[3]   ; OUTPUT[2]   ; 5.392 ;       ;       ; 5.392 ;
; INPUT[3]   ; OUTPUT[3]   ; 5.416 ;       ;       ; 5.416 ;
; INPUT[3]   ; OUTPUT[11]  ; 5.770 ;       ;       ; 5.770 ;
; INPUT[3]   ; Z           ;       ; 6.900 ; 6.900 ;       ;
; INPUT[4]   ; OUTPUT[3]   ; 5.397 ;       ;       ; 5.397 ;
; INPUT[4]   ; OUTPUT[4]   ; 5.310 ;       ;       ; 5.310 ;
; INPUT[4]   ; OUTPUT[12]  ; 5.455 ;       ;       ; 5.455 ;
; INPUT[4]   ; Z           ;       ; 6.620 ; 6.620 ;       ;
; INPUT[5]   ; OUTPUT[4]   ; 5.502 ;       ;       ; 5.502 ;
; INPUT[5]   ; OUTPUT[5]   ; 6.070 ;       ;       ; 6.070 ;
; INPUT[5]   ; OUTPUT[13]  ; 6.242 ;       ;       ; 6.242 ;
; INPUT[5]   ; Z           ;       ; 7.229 ; 7.229 ;       ;
; INPUT[6]   ; OUTPUT[5]   ; 5.772 ;       ;       ; 5.772 ;
; INPUT[6]   ; OUTPUT[6]   ; 5.787 ;       ;       ; 5.787 ;
; INPUT[6]   ; OUTPUT[14]  ; 5.761 ;       ;       ; 5.761 ;
; INPUT[6]   ; Z           ;       ; 7.573 ; 7.573 ;       ;
; INPUT[7]   ; OUTPUT[6]   ; 5.676 ;       ;       ; 5.676 ;
; INPUT[7]   ; OUTPUT[7]   ; 5.549 ;       ;       ; 5.549 ;
; INPUT[7]   ; OUTPUT[15]  ; 5.731 ;       ;       ; 5.731 ;
; INPUT[7]   ; Z           ;       ; 7.390 ; 7.390 ;       ;
; INPUT[8]   ; OUTPUT[7]   ; 5.546 ;       ;       ; 5.546 ;
; INPUT[8]   ; OUTPUT[8]   ; 5.645 ;       ;       ; 5.645 ;
; INPUT[8]   ; OUTPUT[16]  ; 5.735 ;       ;       ; 5.735 ;
; INPUT[8]   ; Z           ;       ; 7.453 ; 7.453 ;       ;
; INPUT[9]   ; OUTPUT[8]   ; 5.789 ;       ;       ; 5.789 ;
; INPUT[9]   ; OUTPUT[9]   ; 5.630 ;       ;       ; 5.630 ;
; INPUT[9]   ; OUTPUT[17]  ; 6.457 ;       ;       ; 6.457 ;
; INPUT[9]   ; Z           ;       ; 8.130 ; 8.130 ;       ;
; INPUT[10]  ; OUTPUT[9]   ; 5.865 ;       ;       ; 5.865 ;
; INPUT[10]  ; OUTPUT[10]  ; 5.588 ;       ;       ; 5.588 ;
; INPUT[10]  ; OUTPUT[18]  ; 5.974 ;       ;       ; 5.974 ;
; INPUT[10]  ; Z           ;       ; 7.224 ; 7.224 ;       ;
; INPUT[11]  ; OUTPUT[10]  ; 3.712 ;       ;       ; 3.712 ;
; INPUT[11]  ; OUTPUT[11]  ; 3.153 ;       ;       ; 3.153 ;
; INPUT[11]  ; OUTPUT[19]  ; 3.775 ;       ;       ; 3.775 ;
; INPUT[11]  ; Z           ;       ; 5.101 ; 5.101 ;       ;
; INPUT[12]  ; OUTPUT[11]  ; 3.434 ;       ;       ; 3.434 ;
; INPUT[12]  ; OUTPUT[12]  ; 2.969 ;       ;       ; 2.969 ;
; INPUT[12]  ; OUTPUT[20]  ; 3.367 ;       ;       ; 3.367 ;
; INPUT[12]  ; Z           ;       ; 4.848 ; 4.848 ;       ;
; INPUT[13]  ; OUTPUT[12]  ; 3.343 ;       ;       ; 3.343 ;
; INPUT[13]  ; OUTPUT[13]  ; 3.287 ;       ;       ; 3.287 ;
; INPUT[13]  ; OUTPUT[21]  ; 3.313 ;       ;       ; 3.313 ;
; INPUT[13]  ; Z           ;       ; 4.961 ; 4.961 ;       ;
; INPUT[14]  ; OUTPUT[13]  ; 3.793 ;       ;       ; 3.793 ;
; INPUT[14]  ; OUTPUT[14]  ; 3.094 ;       ;       ; 3.094 ;
; INPUT[14]  ; OUTPUT[22]  ; 3.529 ;       ;       ; 3.529 ;
; INPUT[14]  ; Z           ;       ; 5.051 ; 5.051 ;       ;
; INPUT[15]  ; OUTPUT[14]  ; 5.589 ;       ;       ; 5.589 ;
; INPUT[15]  ; OUTPUT[15]  ; 5.530 ;       ;       ; 5.530 ;
; INPUT[15]  ; OUTPUT[23]  ; 5.841 ;       ;       ; 5.841 ;
; INPUT[15]  ; Z           ;       ; 7.415 ; 7.415 ;       ;
; INPUT[16]  ; OUTPUT[15]  ; 5.784 ;       ;       ; 5.784 ;
; INPUT[16]  ; OUTPUT[16]  ; 5.381 ;       ;       ; 5.381 ;
; INPUT[16]  ; OUTPUT[24]  ; 5.756 ;       ;       ; 5.756 ;
; INPUT[16]  ; Z           ;       ; 7.535 ; 7.535 ;       ;
; INPUT[17]  ; OUTPUT[16]  ; 6.042 ;       ;       ; 6.042 ;
; INPUT[17]  ; OUTPUT[17]  ; 5.784 ;       ;       ; 5.784 ;
; INPUT[17]  ; OUTPUT[25]  ; 5.969 ;       ;       ; 5.969 ;
; INPUT[17]  ; Z           ;       ; 7.871 ; 7.871 ;       ;
; INPUT[18]  ; OUTPUT[17]  ; 6.269 ;       ;       ; 6.269 ;
; INPUT[18]  ; OUTPUT[18]  ; 5.798 ;       ;       ; 5.798 ;
; INPUT[18]  ; OUTPUT[26]  ; 5.823 ;       ;       ; 5.823 ;
; INPUT[18]  ; Z           ;       ; 7.942 ; 7.942 ;       ;
; INPUT[19]  ; OUTPUT[18]  ; 6.022 ;       ;       ; 6.022 ;
; INPUT[19]  ; OUTPUT[19]  ; 5.867 ;       ;       ; 5.867 ;
; INPUT[19]  ; OUTPUT[27]  ; 6.008 ;       ;       ; 6.008 ;
; INPUT[19]  ; Z           ;       ; 7.272 ; 7.272 ;       ;
; INPUT[20]  ; OUTPUT[19]  ; 5.918 ;       ;       ; 5.918 ;
; INPUT[20]  ; OUTPUT[20]  ; 5.431 ;       ;       ; 5.431 ;
; INPUT[20]  ; OUTPUT[28]  ; 5.707 ;       ;       ; 5.707 ;
; INPUT[20]  ; Z           ;       ; 7.244 ; 7.244 ;       ;
; INPUT[21]  ; OUTPUT[20]  ; 5.645 ;       ;       ; 5.645 ;
; INPUT[21]  ; OUTPUT[21]  ; 5.521 ;       ;       ; 5.521 ;
; INPUT[21]  ; OUTPUT[29]  ; 5.766 ;       ;       ; 5.766 ;
; INPUT[21]  ; Z           ;       ; 7.169 ; 7.169 ;       ;
; INPUT[22]  ; OUTPUT[21]  ; 5.727 ;       ;       ; 5.727 ;
; INPUT[22]  ; OUTPUT[22]  ; 5.440 ;       ;       ; 5.440 ;
; INPUT[22]  ; OUTPUT[30]  ; 6.104 ;       ;       ; 6.104 ;
; INPUT[22]  ; Z           ;       ; 7.375 ; 7.375 ;       ;
; INPUT[23]  ; N           ; 6.002 ;       ;       ; 6.002 ;
; INPUT[23]  ; OUTPUT[22]  ; 5.647 ;       ;       ; 5.647 ;
; INPUT[23]  ; OUTPUT[23]  ; 5.363 ;       ;       ; 5.363 ;
; INPUT[23]  ; OUTPUT[31]  ; 6.204 ;       ;       ; 6.204 ;
; INPUT[23]  ; Z           ;       ; 7.169 ; 7.169 ;       ;
; INPUT[24]  ; OUTPUT[23]  ; 6.071 ;       ;       ; 6.071 ;
; INPUT[24]  ; OUTPUT[24]  ; 5.660 ;       ;       ; 5.660 ;
; INPUT[24]  ; Z           ;       ; 7.645 ; 7.645 ;       ;
; INPUT[25]  ; OUTPUT[24]  ; 5.734 ;       ;       ; 5.734 ;
; INPUT[25]  ; OUTPUT[25]  ; 5.344 ;       ;       ; 5.344 ;
; INPUT[25]  ; Z           ;       ; 7.513 ; 7.513 ;       ;
; INPUT[26]  ; OUTPUT[25]  ; 5.697 ;       ;       ; 5.697 ;
; INPUT[26]  ; OUTPUT[26]  ; 5.601 ;       ;       ; 5.601 ;
; INPUT[26]  ; Z           ;       ; 7.599 ; 7.599 ;       ;
; INPUT[27]  ; OUTPUT[26]  ; 5.555 ;       ;       ; 5.555 ;
; INPUT[27]  ; OUTPUT[27]  ; 5.510 ;       ;       ; 5.510 ;
; INPUT[27]  ; Z           ;       ; 6.903 ; 6.903 ;       ;
; INPUT[28]  ; OUTPUT[27]  ; 5.895 ;       ;       ; 5.895 ;
; INPUT[28]  ; OUTPUT[28]  ; 5.610 ;       ;       ; 5.610 ;
; INPUT[28]  ; Z           ;       ; 7.108 ; 7.108 ;       ;
; INPUT[29]  ; OUTPUT[28]  ; 5.780 ;       ;       ; 5.780 ;
; INPUT[29]  ; OUTPUT[29]  ; 5.502 ;       ;       ; 5.502 ;
; INPUT[29]  ; Z           ;       ; 7.034 ; 7.034 ;       ;
; INPUT[30]  ; OUTPUT[29]  ; 5.743 ;       ;       ; 5.743 ;
; INPUT[30]  ; OUTPUT[30]  ; 6.586 ;       ;       ; 6.586 ;
; INPUT[30]  ; Z           ;       ; 7.496 ; 7.496 ;       ;
; INPUT[31]  ; N           ; 6.120 ;       ;       ; 6.120 ;
; INPUT[31]  ; OUTPUT[30]  ; 6.568 ;       ;       ; 6.568 ;
; INPUT[31]  ; OUTPUT[31]  ; 6.322 ;       ;       ; 6.322 ;
; INPUT[31]  ; Z           ;       ; 7.478 ; 7.478 ;       ;
; MIR[22]    ; N           ; 6.288 ; 6.288 ; 6.288 ; 6.288 ;
; MIR[22]    ; OUTPUT[0]   ; 5.544 ; 5.544 ; 5.544 ; 5.544 ;
; MIR[22]    ; OUTPUT[1]   ; 5.498 ; 5.498 ; 5.498 ; 5.498 ;
; MIR[22]    ; OUTPUT[2]   ; 5.279 ; 5.279 ; 5.279 ; 5.279 ;
; MIR[22]    ; OUTPUT[3]   ; 5.442 ; 5.442 ; 5.442 ; 5.442 ;
; MIR[22]    ; OUTPUT[4]   ; 5.277 ; 5.277 ; 5.277 ; 5.277 ;
; MIR[22]    ; OUTPUT[5]   ; 6.081 ; 6.081 ; 6.081 ; 6.081 ;
; MIR[22]    ; OUTPUT[6]   ; 6.090 ; 6.090 ; 6.090 ; 6.090 ;
; MIR[22]    ; OUTPUT[7]   ; 5.846 ; 5.846 ; 5.846 ; 5.846 ;
; MIR[22]    ; OUTPUT[8]   ; 5.787 ; 5.787 ; 5.787 ; 5.787 ;
; MIR[22]    ; OUTPUT[9]   ; 5.915 ; 5.915 ; 5.915 ; 5.915 ;
; MIR[22]    ; OUTPUT[10]  ; 5.933 ; 5.933 ; 5.933 ; 5.933 ;
; MIR[22]    ; OUTPUT[11]  ; 5.651 ; 5.651 ; 5.651 ; 5.651 ;
; MIR[22]    ; OUTPUT[12]  ; 5.556 ; 5.556 ; 5.556 ; 5.556 ;
; MIR[22]    ; OUTPUT[13]  ; 6.176 ; 6.176 ; 6.176 ; 6.176 ;
; MIR[22]    ; OUTPUT[14]  ; 6.056 ; 6.056 ; 6.056 ; 6.056 ;
; MIR[22]    ; OUTPUT[15]  ; 6.133 ; 6.133 ; 6.133 ; 6.133 ;
; MIR[22]    ; OUTPUT[16]  ; 5.895 ; 5.895 ; 5.895 ; 5.895 ;
; MIR[22]    ; OUTPUT[17]  ; 6.331 ; 6.331 ; 6.331 ; 6.331 ;
; MIR[22]    ; OUTPUT[18]  ; 6.252 ; 6.252 ; 6.252 ; 6.252 ;
; MIR[22]    ; OUTPUT[19]  ; 6.269 ; 6.269 ; 6.269 ; 6.269 ;
; MIR[22]    ; OUTPUT[20]  ; 5.994 ; 5.994 ; 5.994 ; 5.994 ;
; MIR[22]    ; OUTPUT[21]  ; 6.054 ; 6.054 ; 6.054 ; 6.054 ;
; MIR[22]    ; OUTPUT[22]  ; 6.050 ; 6.050 ; 6.050 ; 6.050 ;
; MIR[22]    ; OUTPUT[23]  ; 6.236 ; 6.236 ; 6.236 ; 6.236 ;
; MIR[22]    ; OUTPUT[24]  ; 6.095 ; 6.095 ; 6.095 ; 6.095 ;
; MIR[22]    ; OUTPUT[25]  ; 5.986 ; 5.986 ; 5.986 ; 5.986 ;
; MIR[22]    ; OUTPUT[26]  ; 6.038 ; 6.038 ; 6.038 ; 6.038 ;
; MIR[22]    ; OUTPUT[27]  ; 6.040 ; 6.040 ; 6.040 ; 6.040 ;
; MIR[22]    ; OUTPUT[28]  ; 6.060 ; 6.060 ; 6.060 ; 6.060 ;
; MIR[22]    ; OUTPUT[29]  ; 6.011 ; 6.011 ; 6.011 ; 6.011 ;
; MIR[22]    ; OUTPUT[30]  ; 6.733 ; 6.733 ; 6.733 ; 6.733 ;
; MIR[22]    ; OUTPUT[31]  ; 6.490 ; 6.490 ; 6.490 ; 6.490 ;
; MIR[22]    ; Z           ; 8.004 ; 8.004 ; 8.004 ; 8.004 ;
; MIR[23]    ; N           ; 6.311 ; 6.311 ; 6.311 ; 6.311 ;
; MIR[23]    ; OUTPUT[0]   ; 5.786 ; 5.786 ; 5.786 ; 5.786 ;
; MIR[23]    ; OUTPUT[1]   ; 5.542 ; 5.542 ; 5.542 ; 5.542 ;
; MIR[23]    ; OUTPUT[2]   ; 5.657 ; 5.657 ; 5.657 ; 5.657 ;
; MIR[23]    ; OUTPUT[3]   ; 5.756 ; 5.756 ; 5.756 ; 5.756 ;
; MIR[23]    ; OUTPUT[4]   ; 5.660 ; 5.660 ; 5.660 ; 5.660 ;
; MIR[23]    ; OUTPUT[5]   ; 6.062 ; 6.062 ; 6.062 ; 6.062 ;
; MIR[23]    ; OUTPUT[6]   ; 6.161 ; 6.161 ; 6.161 ; 6.161 ;
; MIR[23]    ; OUTPUT[7]   ; 5.832 ; 5.832 ; 5.832 ; 5.832 ;
; MIR[23]    ; OUTPUT[8]   ; 6.027 ; 6.027 ; 6.027 ; 6.027 ;
; MIR[23]    ; OUTPUT[9]   ; 6.158 ; 6.158 ; 6.158 ; 6.158 ;
; MIR[23]    ; OUTPUT[10]  ; 6.051 ; 6.051 ; 6.051 ; 6.051 ;
; MIR[23]    ; OUTPUT[11]  ; 6.036 ; 6.036 ; 6.036 ; 6.036 ;
; MIR[23]    ; OUTPUT[12]  ; 6.056 ; 6.056 ; 6.056 ; 6.056 ;
; MIR[23]    ; OUTPUT[13]  ; 6.343 ; 6.343 ; 6.343 ; 6.343 ;
; MIR[23]    ; OUTPUT[14]  ; 6.054 ; 6.054 ; 6.054 ; 6.054 ;
; MIR[23]    ; OUTPUT[15]  ; 6.221 ; 6.221 ; 6.221 ; 6.221 ;
; MIR[23]    ; OUTPUT[16]  ; 6.152 ; 6.152 ; 6.152 ; 6.152 ;
; MIR[23]    ; OUTPUT[17]  ; 6.566 ; 6.566 ; 6.566 ; 6.566 ;
; MIR[23]    ; OUTPUT[18]  ; 6.350 ; 6.350 ; 6.350 ; 6.350 ;
; MIR[23]    ; OUTPUT[19]  ; 6.348 ; 6.348 ; 6.348 ; 6.348 ;
; MIR[23]    ; OUTPUT[20]  ; 5.962 ; 5.962 ; 5.962 ; 5.962 ;
; MIR[23]    ; OUTPUT[21]  ; 6.227 ; 6.227 ; 6.227 ; 6.227 ;
; MIR[23]    ; OUTPUT[22]  ; 6.072 ; 6.072 ; 6.072 ; 6.072 ;
; MIR[23]    ; OUTPUT[23]  ; 6.224 ; 6.224 ; 6.224 ; 6.224 ;
; MIR[23]    ; OUTPUT[24]  ; 6.113 ; 6.113 ; 6.113 ; 6.113 ;
; MIR[23]    ; OUTPUT[25]  ; 6.003 ; 6.003 ; 6.003 ; 6.003 ;
; MIR[23]    ; OUTPUT[26]  ; 6.011 ; 6.011 ; 6.011 ; 6.011 ;
; MIR[23]    ; OUTPUT[27]  ; 6.246 ; 6.246 ; 6.246 ; 6.246 ;
; MIR[23]    ; OUTPUT[28]  ; 6.140 ; 6.140 ; 6.140 ; 6.140 ;
; MIR[23]    ; OUTPUT[29]  ; 6.041 ; 6.041 ; 6.041 ; 6.041 ;
; MIR[23]    ; OUTPUT[30]  ; 6.765 ; 6.765 ; 6.765 ; 6.765 ;
; MIR[23]    ; OUTPUT[31]  ; 6.513 ; 6.513 ; 6.513 ; 6.513 ;
; MIR[23]    ; Z           ; 8.239 ; 8.239 ; 8.239 ; 8.239 ;
+------------+-------------+-------+-------+-------+-------+


+----------------------------------------------------------+
; Minimum Propagation Delay                                ;
+------------+-------------+-------+-------+-------+-------+
; Input Port ; Output Port ; RR    ; RF    ; FR    ; FF    ;
+------------+-------------+-------+-------+-------+-------+
; INPUT[0]   ; OUTPUT[0]   ; 5.576 ;       ;       ; 5.576 ;
; INPUT[0]   ; OUTPUT[8]   ; 5.817 ;       ;       ; 5.817 ;
; INPUT[0]   ; Z           ;       ; 6.137 ; 6.137 ;       ;
; INPUT[1]   ; OUTPUT[0]   ; 5.451 ;       ;       ; 5.451 ;
; INPUT[1]   ; OUTPUT[1]   ; 5.461 ;       ;       ; 5.461 ;
; INPUT[1]   ; OUTPUT[9]   ; 5.951 ;       ;       ; 5.951 ;
; INPUT[1]   ; Z           ;       ; 6.012 ; 6.012 ;       ;
; INPUT[2]   ; OUTPUT[1]   ; 5.437 ;       ;       ; 5.437 ;
; INPUT[2]   ; OUTPUT[2]   ; 5.508 ;       ;       ; 5.508 ;
; INPUT[2]   ; OUTPUT[10]  ; 6.032 ;       ;       ; 6.032 ;
; INPUT[2]   ; Z           ;       ; 6.201 ; 6.201 ;       ;
; INPUT[3]   ; OUTPUT[2]   ; 5.392 ;       ;       ; 5.392 ;
; INPUT[3]   ; OUTPUT[3]   ; 5.416 ;       ;       ; 5.416 ;
; INPUT[3]   ; OUTPUT[11]  ; 5.770 ;       ;       ; 5.770 ;
; INPUT[3]   ; Z           ;       ; 6.342 ; 6.342 ;       ;
; INPUT[4]   ; OUTPUT[3]   ; 5.397 ;       ;       ; 5.397 ;
; INPUT[4]   ; OUTPUT[4]   ; 5.310 ;       ;       ; 5.310 ;
; INPUT[4]   ; OUTPUT[12]  ; 5.455 ;       ;       ; 5.455 ;
; INPUT[4]   ; Z           ;       ; 6.323 ; 6.323 ;       ;
; INPUT[5]   ; OUTPUT[4]   ; 5.502 ;       ;       ; 5.502 ;
; INPUT[5]   ; OUTPUT[5]   ; 6.070 ;       ;       ; 6.070 ;
; INPUT[5]   ; OUTPUT[13]  ; 6.242 ;       ;       ; 6.242 ;
; INPUT[5]   ; Z           ;       ; 6.743 ; 6.743 ;       ;
; INPUT[6]   ; OUTPUT[5]   ; 5.772 ;       ;       ; 5.772 ;
; INPUT[6]   ; OUTPUT[6]   ; 5.787 ;       ;       ; 5.787 ;
; INPUT[6]   ; OUTPUT[14]  ; 5.761 ;       ;       ; 5.761 ;
; INPUT[6]   ; Z           ;       ; 6.882 ; 6.882 ;       ;
; INPUT[7]   ; OUTPUT[6]   ; 5.676 ;       ;       ; 5.676 ;
; INPUT[7]   ; OUTPUT[7]   ; 5.549 ;       ;       ; 5.549 ;
; INPUT[7]   ; OUTPUT[15]  ; 5.731 ;       ;       ; 5.731 ;
; INPUT[7]   ; Z           ;       ; 6.826 ; 6.826 ;       ;
; INPUT[8]   ; OUTPUT[7]   ; 5.546 ;       ;       ; 5.546 ;
; INPUT[8]   ; OUTPUT[8]   ; 5.645 ;       ;       ; 5.645 ;
; INPUT[8]   ; OUTPUT[16]  ; 5.735 ;       ;       ; 5.735 ;
; INPUT[8]   ; Z           ;       ; 6.029 ; 6.029 ;       ;
; INPUT[9]   ; OUTPUT[8]   ; 5.789 ;       ;       ; 5.789 ;
; INPUT[9]   ; OUTPUT[9]   ; 5.630 ;       ;       ; 5.630 ;
; INPUT[9]   ; OUTPUT[17]  ; 6.457 ;       ;       ; 6.457 ;
; INPUT[9]   ; Z           ;       ; 6.067 ; 6.067 ;       ;
; INPUT[10]  ; OUTPUT[9]   ; 5.865 ;       ;       ; 5.865 ;
; INPUT[10]  ; OUTPUT[10]  ; 5.588 ;       ;       ; 5.588 ;
; INPUT[10]  ; OUTPUT[18]  ; 5.974 ;       ;       ; 5.974 ;
; INPUT[10]  ; Z           ;       ; 6.302 ; 6.302 ;       ;
; INPUT[11]  ; OUTPUT[10]  ; 3.712 ;       ;       ; 3.712 ;
; INPUT[11]  ; OUTPUT[11]  ; 3.153 ;       ;       ; 3.153 ;
; INPUT[11]  ; OUTPUT[19]  ; 3.775 ;       ;       ; 3.775 ;
; INPUT[11]  ; Z           ;       ; 4.283 ; 4.283 ;       ;
; INPUT[12]  ; OUTPUT[11]  ; 3.434 ;       ;       ; 3.434 ;
; INPUT[12]  ; OUTPUT[12]  ; 2.969 ;       ;       ; 2.969 ;
; INPUT[12]  ; OUTPUT[20]  ; 3.367 ;       ;       ; 3.367 ;
; INPUT[12]  ; Z           ;       ; 4.134 ; 4.134 ;       ;
; INPUT[13]  ; OUTPUT[12]  ; 3.343 ;       ;       ; 3.343 ;
; INPUT[13]  ; OUTPUT[13]  ; 3.287 ;       ;       ; 3.287 ;
; INPUT[13]  ; OUTPUT[21]  ; 3.313 ;       ;       ; 3.313 ;
; INPUT[13]  ; Z           ;       ; 4.274 ; 4.274 ;       ;
; INPUT[14]  ; OUTPUT[13]  ; 3.793 ;       ;       ; 3.793 ;
; INPUT[14]  ; OUTPUT[14]  ; 3.094 ;       ;       ; 3.094 ;
; INPUT[14]  ; OUTPUT[22]  ; 3.529 ;       ;       ; 3.529 ;
; INPUT[14]  ; Z           ;       ; 4.780 ; 4.780 ;       ;
; INPUT[15]  ; OUTPUT[14]  ; 5.589 ;       ;       ; 5.589 ;
; INPUT[15]  ; OUTPUT[15]  ; 5.530 ;       ;       ; 5.530 ;
; INPUT[15]  ; OUTPUT[23]  ; 5.841 ;       ;       ; 5.841 ;
; INPUT[15]  ; Z           ;       ; 7.189 ; 7.189 ;       ;
; INPUT[16]  ; OUTPUT[15]  ; 5.784 ;       ;       ; 5.784 ;
; INPUT[16]  ; OUTPUT[16]  ; 5.381 ;       ;       ; 5.381 ;
; INPUT[16]  ; OUTPUT[24]  ; 5.756 ;       ;       ; 5.756 ;
; INPUT[16]  ; Z           ;       ; 7.099 ; 7.099 ;       ;
; INPUT[17]  ; OUTPUT[16]  ; 6.042 ;       ;       ; 6.042 ;
; INPUT[17]  ; OUTPUT[17]  ; 5.784 ;       ;       ; 5.784 ;
; INPUT[17]  ; OUTPUT[25]  ; 5.969 ;       ;       ; 5.969 ;
; INPUT[17]  ; Z           ;       ; 7.457 ; 7.457 ;       ;
; INPUT[18]  ; OUTPUT[17]  ; 6.269 ;       ;       ; 6.269 ;
; INPUT[18]  ; OUTPUT[18]  ; 5.798 ;       ;       ; 5.798 ;
; INPUT[18]  ; OUTPUT[26]  ; 5.823 ;       ;       ; 5.823 ;
; INPUT[18]  ; Z           ;       ; 7.048 ; 7.048 ;       ;
; INPUT[19]  ; OUTPUT[18]  ; 6.022 ;       ;       ; 6.022 ;
; INPUT[19]  ; OUTPUT[19]  ; 5.867 ;       ;       ; 5.867 ;
; INPUT[19]  ; OUTPUT[27]  ; 6.008 ;       ;       ; 6.008 ;
; INPUT[19]  ; Z           ;       ; 7.193 ; 7.193 ;       ;
; INPUT[20]  ; OUTPUT[19]  ; 5.918 ;       ;       ; 5.918 ;
; INPUT[20]  ; OUTPUT[20]  ; 5.431 ;       ;       ; 5.431 ;
; INPUT[20]  ; OUTPUT[28]  ; 5.707 ;       ;       ; 5.707 ;
; INPUT[20]  ; Z           ;       ; 6.912 ; 6.912 ;       ;
; INPUT[21]  ; OUTPUT[20]  ; 5.645 ;       ;       ; 5.645 ;
; INPUT[21]  ; OUTPUT[21]  ; 5.521 ;       ;       ; 5.521 ;
; INPUT[21]  ; OUTPUT[29]  ; 5.766 ;       ;       ; 5.766 ;
; INPUT[21]  ; Z           ;       ; 7.094 ; 7.094 ;       ;
; INPUT[22]  ; OUTPUT[21]  ; 5.727 ;       ;       ; 5.727 ;
; INPUT[22]  ; OUTPUT[22]  ; 5.440 ;       ;       ; 5.440 ;
; INPUT[22]  ; OUTPUT[30]  ; 6.104 ;       ;       ; 6.104 ;
; INPUT[22]  ; Z           ;       ; 6.962 ; 6.962 ;       ;
; INPUT[23]  ; N           ; 6.002 ;       ;       ; 6.002 ;
; INPUT[23]  ; OUTPUT[22]  ; 5.647 ;       ;       ; 5.647 ;
; INPUT[23]  ; OUTPUT[23]  ; 5.363 ;       ;       ; 5.363 ;
; INPUT[23]  ; OUTPUT[31]  ; 6.204 ;       ;       ; 6.204 ;
; INPUT[23]  ; Z           ;       ; 6.738 ; 6.738 ;       ;
; INPUT[24]  ; OUTPUT[23]  ; 6.071 ;       ;       ; 6.071 ;
; INPUT[24]  ; OUTPUT[24]  ; 5.660 ;       ;       ; 5.660 ;
; INPUT[24]  ; Z           ;       ; 7.439 ; 7.439 ;       ;
; INPUT[25]  ; OUTPUT[24]  ; 5.734 ;       ;       ; 5.734 ;
; INPUT[25]  ; OUTPUT[25]  ; 5.344 ;       ;       ; 5.344 ;
; INPUT[25]  ; Z           ;       ; 7.246 ; 7.246 ;       ;
; INPUT[26]  ; OUTPUT[25]  ; 5.697 ;       ;       ; 5.697 ;
; INPUT[26]  ; OUTPUT[26]  ; 5.601 ;       ;       ; 5.601 ;
; INPUT[26]  ; Z           ;       ; 6.949 ; 6.949 ;       ;
; INPUT[27]  ; OUTPUT[26]  ; 5.555 ;       ;       ; 5.555 ;
; INPUT[27]  ; OUTPUT[27]  ; 5.510 ;       ;       ; 5.510 ;
; INPUT[27]  ; Z           ;       ; 6.723 ; 6.723 ;       ;
; INPUT[28]  ; OUTPUT[27]  ; 5.895 ;       ;       ; 5.895 ;
; INPUT[28]  ; OUTPUT[28]  ; 5.610 ;       ;       ; 5.610 ;
; INPUT[28]  ; Z           ;       ; 6.864 ; 6.864 ;       ;
; INPUT[29]  ; OUTPUT[28]  ; 5.780 ;       ;       ; 5.780 ;
; INPUT[29]  ; OUTPUT[29]  ; 5.502 ;       ;       ; 5.502 ;
; INPUT[29]  ; Z           ;       ; 6.830 ; 6.830 ;       ;
; INPUT[30]  ; OUTPUT[29]  ; 5.743 ;       ;       ; 5.743 ;
; INPUT[30]  ; OUTPUT[30]  ; 6.586 ;       ;       ; 6.586 ;
; INPUT[30]  ; Z           ;       ; 7.071 ; 7.071 ;       ;
; INPUT[31]  ; N           ; 6.120 ;       ;       ; 6.120 ;
; INPUT[31]  ; OUTPUT[30]  ; 6.568 ;       ;       ; 6.568 ;
; INPUT[31]  ; OUTPUT[31]  ; 6.322 ;       ;       ; 6.322 ;
; INPUT[31]  ; Z           ;       ; 6.856 ; 6.856 ;       ;
; MIR[22]    ; N           ; 6.288 ; 6.288 ; 6.288 ; 6.288 ;
; MIR[22]    ; OUTPUT[0]   ; 5.544 ; 5.544 ; 5.544 ; 5.544 ;
; MIR[22]    ; OUTPUT[1]   ; 5.498 ; 5.498 ; 5.498 ; 5.498 ;
; MIR[22]    ; OUTPUT[2]   ; 5.279 ; 5.279 ; 5.279 ; 5.279 ;
; MIR[22]    ; OUTPUT[3]   ; 5.442 ; 5.442 ; 5.442 ; 5.442 ;
; MIR[22]    ; OUTPUT[4]   ; 5.277 ; 5.277 ; 5.277 ; 5.277 ;
; MIR[22]    ; OUTPUT[5]   ; 6.081 ; 6.081 ; 6.081 ; 6.081 ;
; MIR[22]    ; OUTPUT[6]   ; 6.090 ; 6.090 ; 6.090 ; 6.090 ;
; MIR[22]    ; OUTPUT[7]   ; 5.846 ; 5.846 ; 5.846 ; 5.846 ;
; MIR[22]    ; OUTPUT[8]   ; 5.627 ; 5.627 ; 5.627 ; 5.627 ;
; MIR[22]    ; OUTPUT[9]   ; 5.631 ; 5.631 ; 5.631 ; 5.631 ;
; MIR[22]    ; OUTPUT[10]  ; 5.643 ; 5.643 ; 5.643 ; 5.643 ;
; MIR[22]    ; OUTPUT[11]  ; 5.359 ; 5.359 ; 5.359 ; 5.359 ;
; MIR[22]    ; OUTPUT[12]  ; 5.340 ; 5.340 ; 5.340 ; 5.340 ;
; MIR[22]    ; OUTPUT[13]  ; 6.031 ; 6.031 ; 6.031 ; 6.031 ;
; MIR[22]    ; OUTPUT[14]  ; 5.770 ; 5.770 ; 5.770 ; 5.770 ;
; MIR[22]    ; OUTPUT[15]  ; 5.921 ; 5.921 ; 5.921 ; 5.921 ;
; MIR[22]    ; OUTPUT[16]  ; 5.594 ; 5.594 ; 5.594 ; 5.594 ;
; MIR[22]    ; OUTPUT[17]  ; 5.901 ; 5.901 ; 5.901 ; 5.901 ;
; MIR[22]    ; OUTPUT[18]  ; 6.095 ; 6.095 ; 6.095 ; 6.095 ;
; MIR[22]    ; OUTPUT[19]  ; 6.108 ; 6.108 ; 6.108 ; 6.108 ;
; MIR[22]    ; OUTPUT[20]  ; 5.784 ; 5.784 ; 5.784 ; 5.784 ;
; MIR[22]    ; OUTPUT[21]  ; 5.633 ; 5.633 ; 5.633 ; 5.633 ;
; MIR[22]    ; OUTPUT[22]  ; 5.638 ; 5.638 ; 5.638 ; 5.638 ;
; MIR[22]    ; OUTPUT[23]  ; 5.762 ; 5.762 ; 5.762 ; 5.762 ;
; MIR[22]    ; OUTPUT[24]  ; 5.823 ; 5.823 ; 5.823 ; 5.823 ;
; MIR[22]    ; OUTPUT[25]  ; 5.706 ; 5.706 ; 5.706 ; 5.706 ;
; MIR[22]    ; OUTPUT[26]  ; 5.876 ; 5.876 ; 5.876 ; 5.876 ;
; MIR[22]    ; OUTPUT[27]  ; 5.994 ; 5.994 ; 5.994 ; 5.994 ;
; MIR[22]    ; OUTPUT[28]  ; 5.880 ; 5.880 ; 5.880 ; 5.880 ;
; MIR[22]    ; OUTPUT[29]  ; 5.771 ; 5.771 ; 5.771 ; 5.771 ;
; MIR[22]    ; OUTPUT[30]  ; 6.733 ; 6.301 ; 6.301 ; 6.733 ;
; MIR[22]    ; OUTPUT[31]  ; 6.490 ; 6.490 ; 6.490 ; 6.490 ;
; MIR[22]    ; Z           ; 6.011 ; 6.011 ; 6.011 ; 6.011 ;
; MIR[23]    ; N           ; 6.311 ; 6.311 ; 6.311 ; 6.311 ;
; MIR[23]    ; OUTPUT[0]   ; 5.786 ; 5.786 ; 5.786 ; 5.786 ;
; MIR[23]    ; OUTPUT[1]   ; 5.542 ; 5.542 ; 5.542 ; 5.542 ;
; MIR[23]    ; OUTPUT[2]   ; 5.657 ; 5.657 ; 5.657 ; 5.657 ;
; MIR[23]    ; OUTPUT[3]   ; 5.756 ; 5.756 ; 5.756 ; 5.756 ;
; MIR[23]    ; OUTPUT[4]   ; 5.660 ; 5.660 ; 5.660 ; 5.660 ;
; MIR[23]    ; OUTPUT[5]   ; 6.062 ; 6.062 ; 6.062 ; 6.062 ;
; MIR[23]    ; OUTPUT[6]   ; 6.161 ; 6.161 ; 6.161 ; 6.161 ;
; MIR[23]    ; OUTPUT[7]   ; 5.832 ; 5.832 ; 5.832 ; 5.832 ;
; MIR[23]    ; OUTPUT[8]   ; 5.863 ; 5.863 ; 5.863 ; 5.863 ;
; MIR[23]    ; OUTPUT[9]   ; 5.866 ; 5.866 ; 5.866 ; 5.866 ;
; MIR[23]    ; OUTPUT[10]  ; 5.856 ; 5.856 ; 5.856 ; 5.856 ;
; MIR[23]    ; OUTPUT[11]  ; 5.746 ; 5.746 ; 5.746 ; 5.746 ;
; MIR[23]    ; OUTPUT[12]  ; 5.647 ; 5.647 ; 5.647 ; 5.647 ;
; MIR[23]    ; OUTPUT[13]  ; 6.060 ; 6.060 ; 6.060 ; 6.060 ;
; MIR[23]    ; OUTPUT[14]  ; 5.772 ; 5.772 ; 5.772 ; 5.772 ;
; MIR[23]    ; OUTPUT[15]  ; 5.934 ; 5.934 ; 5.934 ; 5.934 ;
; MIR[23]    ; OUTPUT[16]  ; 5.815 ; 5.815 ; 5.815 ; 5.815 ;
; MIR[23]    ; OUTPUT[17]  ; 6.017 ; 6.017 ; 6.017 ; 6.017 ;
; MIR[23]    ; OUTPUT[18]  ; 6.172 ; 6.172 ; 6.172 ; 6.172 ;
; MIR[23]    ; OUTPUT[19]  ; 6.185 ; 6.185 ; 6.185 ; 6.185 ;
; MIR[23]    ; OUTPUT[20]  ; 5.860 ; 5.860 ; 5.860 ; 5.860 ;
; MIR[23]    ; OUTPUT[21]  ; 5.799 ; 5.799 ; 5.799 ; 5.799 ;
; MIR[23]    ; OUTPUT[22]  ; 5.869 ; 5.869 ; 5.869 ; 5.869 ;
; MIR[23]    ; OUTPUT[23]  ; 5.795 ; 5.795 ; 5.795 ; 5.795 ;
; MIR[23]    ; OUTPUT[24]  ; 5.816 ; 5.816 ; 5.816 ; 5.816 ;
; MIR[23]    ; OUTPUT[25]  ; 5.723 ; 5.723 ; 5.723 ; 5.723 ;
; MIR[23]    ; OUTPUT[26]  ; 5.962 ; 5.962 ; 5.962 ; 5.962 ;
; MIR[23]    ; OUTPUT[27]  ; 6.084 ; 6.084 ; 6.084 ; 6.084 ;
; MIR[23]    ; OUTPUT[28]  ; 5.975 ; 5.975 ; 5.975 ; 5.975 ;
; MIR[23]    ; OUTPUT[29]  ; 5.870 ; 5.870 ; 5.870 ; 5.870 ;
; MIR[23]    ; OUTPUT[30]  ; 6.606 ; 6.765 ; 6.765 ; 6.606 ;
; MIR[23]    ; OUTPUT[31]  ; 6.513 ; 6.513 ; 6.513 ; 6.513 ;
; MIR[23]    ; Z           ; 6.247 ; 6.247 ; 6.247 ; 6.247 ;
+------------+-------------+-------+-------+-------+-------+


+----------------------------------------------------------------------------+
; Multicorner Timing Analysis Summary                                        ;
+------------------+-------+------+----------+---------+---------------------+
; Clock            ; Setup ; Hold ; Recovery ; Removal ; Minimum Pulse Width ;
+------------------+-------+------+----------+---------+---------------------+
; Worst-case Slack ; N/A   ; N/A  ; N/A      ; N/A     ; N/A                 ;
; Design-wide TNS  ; 0.0   ; 0.0  ; 0.0      ; 0.0     ; 0.0                 ;
+------------------+-------+------+----------+---------+---------------------+


+--------------------------------------------------------------+
; Progagation Delay                                            ;
+------------+-------------+--------+--------+--------+--------+
; Input Port ; Output Port ; RR     ; RF     ; FR     ; FF     ;
+------------+-------------+--------+--------+--------+--------+
; INPUT[0]   ; OUTPUT[0]   ; 10.070 ;        ;        ; 10.070 ;
; INPUT[0]   ; OUTPUT[8]   ; 10.656 ;        ;        ; 10.656 ;
; INPUT[0]   ; Z           ;        ; 11.507 ; 11.507 ;        ;
; INPUT[1]   ; OUTPUT[0]   ; 9.775  ;        ;        ; 9.775  ;
; INPUT[1]   ; OUTPUT[1]   ; 9.838  ;        ;        ; 9.838  ;
; INPUT[1]   ; OUTPUT[9]   ; 10.969 ;        ;        ; 10.969 ;
; INPUT[1]   ; Z           ;        ; 11.964 ; 11.964 ;        ;
; INPUT[2]   ; OUTPUT[1]   ; 9.713  ;        ;        ; 9.713  ;
; INPUT[2]   ; OUTPUT[2]   ; 9.844  ;        ;        ; 9.844  ;
; INPUT[2]   ; OUTPUT[10]  ; 11.019 ;        ;        ; 11.019 ;
; INPUT[2]   ; Z           ;        ; 13.853 ; 13.853 ;        ;
; INPUT[3]   ; OUTPUT[2]   ; 9.699  ;        ;        ; 9.699  ;
; INPUT[3]   ; OUTPUT[3]   ; 9.772  ;        ;        ; 9.772  ;
; INPUT[3]   ; OUTPUT[11]  ; 10.610 ;        ;        ; 10.610 ;
; INPUT[3]   ; Z           ;        ; 13.076 ; 13.076 ;        ;
; INPUT[4]   ; OUTPUT[3]   ; 9.734  ;        ;        ; 9.734  ;
; INPUT[4]   ; OUTPUT[4]   ; 9.521  ;        ;        ; 9.521  ;
; INPUT[4]   ; OUTPUT[12]  ; 9.898  ;        ;        ; 9.898  ;
; INPUT[4]   ; Z           ;        ; 12.505 ; 12.505 ;        ;
; INPUT[5]   ; OUTPUT[4]   ; 9.845  ;        ;        ; 9.845  ;
; INPUT[5]   ; OUTPUT[5]   ; 11.167 ;        ;        ; 11.167 ;
; INPUT[5]   ; OUTPUT[13]  ; 11.503 ;        ;        ; 11.503 ;
; INPUT[5]   ; Z           ;        ; 13.691 ; 13.691 ;        ;
; INPUT[6]   ; OUTPUT[5]   ; 10.638 ;        ;        ; 10.638 ;
; INPUT[6]   ; OUTPUT[6]   ; 10.540 ;        ;        ; 10.540 ;
; INPUT[6]   ; OUTPUT[14]  ; 10.524 ;        ;        ; 10.524 ;
; INPUT[6]   ; Z           ;        ; 14.405 ; 14.405 ;        ;
; INPUT[7]   ; OUTPUT[6]   ; 10.272 ;        ;        ; 10.272 ;
; INPUT[7]   ; OUTPUT[7]   ; 10.005 ;        ;        ; 10.005 ;
; INPUT[7]   ; OUTPUT[15]  ; 10.452 ;        ;        ; 10.452 ;
; INPUT[7]   ; Z           ;        ; 13.942 ; 13.942 ;        ;
; INPUT[8]   ; OUTPUT[7]   ; 9.988  ;        ;        ; 9.988  ;
; INPUT[8]   ; OUTPUT[8]   ; 10.259 ;        ;        ; 10.259 ;
; INPUT[8]   ; OUTPUT[16]  ; 10.469 ;        ;        ; 10.469 ;
; INPUT[8]   ; Z           ;        ; 14.137 ; 14.137 ;        ;
; INPUT[9]   ; OUTPUT[8]   ; 10.584 ;        ;        ; 10.584 ;
; INPUT[9]   ; OUTPUT[9]   ; 10.187 ;        ;        ; 10.187 ;
; INPUT[9]   ; OUTPUT[17]  ; 12.051 ;        ;        ; 12.051 ;
; INPUT[9]   ; Z           ;        ; 15.522 ; 15.522 ;        ;
; INPUT[10]  ; OUTPUT[9]   ; 10.655 ;        ;        ; 10.655 ;
; INPUT[10]  ; OUTPUT[10]  ; 9.974  ;        ;        ; 9.974  ;
; INPUT[10]  ; OUTPUT[18]  ; 10.849 ;        ;        ; 10.849 ;
; INPUT[10]  ; Z           ;        ; 13.481 ; 13.481 ;        ;
; INPUT[11]  ; OUTPUT[10]  ; 7.232  ;        ;        ; 7.232  ;
; INPUT[11]  ; OUTPUT[11]  ; 6.100  ;        ;        ; 6.100  ;
; INPUT[11]  ; OUTPUT[19]  ; 7.341  ;        ;        ; 7.341  ;
; INPUT[11]  ; Z           ;        ; 10.136 ; 10.136 ;        ;
; INPUT[12]  ; OUTPUT[11]  ; 6.783  ;        ;        ; 6.783  ;
; INPUT[12]  ; OUTPUT[12]  ; 5.684  ;        ;        ; 5.684  ;
; INPUT[12]  ; OUTPUT[20]  ; 6.496  ;        ;        ; 6.496  ;
; INPUT[12]  ; Z           ;        ; 9.675  ; 9.675  ;        ;
; INPUT[13]  ; OUTPUT[12]  ; 6.586  ;        ;        ; 6.586  ;
; INPUT[13]  ; OUTPUT[13]  ; 6.313  ;        ;        ; 6.313  ;
; INPUT[13]  ; OUTPUT[21]  ; 6.444  ;        ;        ; 6.444  ;
; INPUT[13]  ; Z           ;        ; 9.960  ; 9.960  ;        ;
; INPUT[14]  ; OUTPUT[13]  ; 7.399  ;        ;        ; 7.399  ;
; INPUT[14]  ; OUTPUT[14]  ; 5.989  ;        ;        ; 5.989  ;
; INPUT[14]  ; OUTPUT[22]  ; 6.824  ;        ;        ; 6.824  ;
; INPUT[14]  ; Z           ;        ; 10.066 ; 10.066 ;        ;
; INPUT[15]  ; OUTPUT[14]  ; 10.143 ;        ;        ; 10.143 ;
; INPUT[15]  ; OUTPUT[15]  ; 9.985  ;        ;        ; 9.985  ;
; INPUT[15]  ; OUTPUT[23]  ; 10.693 ;        ;        ; 10.693 ;
; INPUT[15]  ; Z           ;        ; 14.067 ; 14.067 ;        ;
; INPUT[16]  ; OUTPUT[15]  ; 10.555 ;        ;        ; 10.555 ;
; INPUT[16]  ; OUTPUT[16]  ; 9.615  ;        ;        ; 9.615  ;
; INPUT[16]  ; OUTPUT[24]  ; 10.488 ;        ;        ; 10.488 ;
; INPUT[16]  ; Z           ;        ; 14.239 ; 14.239 ;        ;
; INPUT[17]  ; OUTPUT[16]  ; 11.072 ;        ;        ; 11.072 ;
; INPUT[17]  ; OUTPUT[17]  ; 10.485 ;        ;        ; 10.485 ;
; INPUT[17]  ; OUTPUT[25]  ; 10.967 ;        ;        ; 10.967 ;
; INPUT[17]  ; Z           ;        ; 14.990 ; 14.990 ;        ;
; INPUT[18]  ; OUTPUT[17]  ; 11.529 ;        ;        ; 11.529 ;
; INPUT[18]  ; OUTPUT[18]  ; 10.518 ;        ;        ; 10.518 ;
; INPUT[18]  ; OUTPUT[26]  ; 10.584 ;        ;        ; 10.584 ;
; INPUT[18]  ; Z           ;        ; 15.000 ; 15.000 ;        ;
; INPUT[19]  ; OUTPUT[18]  ; 11.066 ;        ;        ; 11.066 ;
; INPUT[19]  ; OUTPUT[19]  ; 10.673 ;        ;        ; 10.673 ;
; INPUT[19]  ; OUTPUT[27]  ; 11.010 ;        ;        ; 11.010 ;
; INPUT[19]  ; Z           ;        ; 13.698 ; 13.698 ;        ;
; INPUT[20]  ; OUTPUT[19]  ; 10.840 ;        ;        ; 10.840 ;
; INPUT[20]  ; OUTPUT[20]  ; 9.761  ;        ;        ; 9.761  ;
; INPUT[20]  ; OUTPUT[28]  ; 10.381 ;        ;        ; 10.381 ;
; INPUT[20]  ; Z           ;        ; 13.635 ; 13.635 ;        ;
; INPUT[21]  ; OUTPUT[20]  ; 10.151 ;        ;        ; 10.151 ;
; INPUT[21]  ; OUTPUT[21]  ; 9.825  ;        ;        ; 9.825  ;
; INPUT[21]  ; OUTPUT[29]  ; 10.370 ;        ;        ; 10.370 ;
; INPUT[21]  ; Z           ;        ; 13.341 ; 13.341 ;        ;
; INPUT[22]  ; OUTPUT[21]  ; 10.459 ;        ;        ; 10.459 ;
; INPUT[22]  ; OUTPUT[22]  ; 9.760  ;        ;        ; 9.760  ;
; INPUT[22]  ; OUTPUT[30]  ; 11.088 ;        ;        ; 11.088 ;
; INPUT[22]  ; Z           ;        ; 13.975 ; 13.975 ;        ;
; INPUT[23]  ; N           ; 11.051 ;        ;        ; 11.051 ;
; INPUT[23]  ; OUTPUT[22]  ; 10.262 ;        ;        ; 10.262 ;
; INPUT[23]  ; OUTPUT[23]  ; 9.593  ;        ;        ; 9.593  ;
; INPUT[23]  ; OUTPUT[31]  ; 11.522 ;        ;        ; 11.522 ;
; INPUT[23]  ; Z           ;        ; 13.504 ; 13.504 ;        ;
; INPUT[24]  ; OUTPUT[23]  ; 11.253 ;        ;        ; 11.253 ;
; INPUT[24]  ; OUTPUT[24]  ; 10.307 ;        ;        ; 10.307 ;
; INPUT[24]  ; Z           ;        ; 14.627 ; 14.627 ;        ;
; INPUT[25]  ; OUTPUT[24]  ; 10.502 ;        ;        ; 10.502 ;
; INPUT[25]  ; OUTPUT[25]  ; 9.608  ;        ;        ; 9.608  ;
; INPUT[25]  ; Z           ;        ; 14.253 ; 14.253 ;        ;
; INPUT[26]  ; OUTPUT[25]  ; 10.420 ;        ;        ; 10.420 ;
; INPUT[26]  ; OUTPUT[26]  ; 10.126 ;        ;        ; 10.126 ;
; INPUT[26]  ; Z           ;        ; 14.443 ; 14.443 ;        ;
; INPUT[27]  ; OUTPUT[26]  ; 10.050 ;        ;        ; 10.050 ;
; INPUT[27]  ; OUTPUT[27]  ; 9.894  ;        ;        ; 9.894  ;
; INPUT[27]  ; Z           ;        ; 12.917 ; 12.917 ;        ;
; INPUT[28]  ; OUTPUT[27]  ; 10.781 ;        ;        ; 10.781 ;
; INPUT[28]  ; OUTPUT[28]  ; 10.147 ;        ;        ; 10.147 ;
; INPUT[28]  ; Z           ;        ; 13.361 ; 13.361 ;        ;
; INPUT[29]  ; OUTPUT[28]  ; 10.573 ;        ;        ; 10.573 ;
; INPUT[29]  ; OUTPUT[29]  ; 9.945  ;        ;        ; 9.945  ;
; INPUT[29]  ; Z           ;        ; 13.290 ; 13.290 ;        ;
; INPUT[30]  ; OUTPUT[29]  ; 10.387 ;        ;        ; 10.387 ;
; INPUT[30]  ; OUTPUT[30]  ; 12.144 ;        ;        ; 12.144 ;
; INPUT[30]  ; Z           ;        ; 14.205 ; 14.205 ;        ;
; INPUT[31]  ; N           ; 11.227 ;        ;        ; 11.227 ;
; INPUT[31]  ; OUTPUT[30]  ; 12.072 ;        ;        ; 12.072 ;
; INPUT[31]  ; OUTPUT[31]  ; 11.698 ;        ;        ; 11.698 ;
; INPUT[31]  ; Z           ;        ; 14.133 ; 14.133 ;        ;
; MIR[22]    ; N           ; 11.570 ; 11.570 ; 11.570 ; 11.570 ;
; MIR[22]    ; OUTPUT[0]   ; 9.975  ; 9.975  ; 9.975  ; 9.975  ;
; MIR[22]    ; OUTPUT[1]   ; 9.876  ; 9.876  ; 9.876  ; 9.876  ;
; MIR[22]    ; OUTPUT[2]   ; 9.421  ; 9.421  ; 9.421  ; 9.421  ;
; MIR[22]    ; OUTPUT[3]   ; 9.777  ; 9.777  ; 9.777  ; 9.777  ;
; MIR[22]    ; OUTPUT[4]   ; 9.424  ; 9.424  ; 9.424  ; 9.424  ;
; MIR[22]    ; OUTPUT[5]   ; 11.212 ; 11.212 ; 11.212 ; 11.212 ;
; MIR[22]    ; OUTPUT[6]   ; 11.115 ; 11.115 ; 11.115 ; 11.115 ;
; MIR[22]    ; OUTPUT[7]   ; 10.577 ; 10.577 ; 10.577 ; 10.577 ;
; MIR[22]    ; OUTPUT[8]   ; 10.565 ; 10.565 ; 10.565 ; 10.565 ;
; MIR[22]    ; OUTPUT[9]   ; 10.863 ; 10.863 ; 10.863 ; 10.863 ;
; MIR[22]    ; OUTPUT[10]  ; 10.870 ; 10.870 ; 10.870 ; 10.870 ;
; MIR[22]    ; OUTPUT[11]  ; 10.334 ; 10.334 ; 10.334 ; 10.334 ;
; MIR[22]    ; OUTPUT[12]  ; 10.111 ; 10.111 ; 10.111 ; 10.111 ;
; MIR[22]    ; OUTPUT[13]  ; 11.330 ; 11.330 ; 11.330 ; 11.330 ;
; MIR[22]    ; OUTPUT[14]  ; 11.097 ; 11.097 ; 11.097 ; 11.097 ;
; MIR[22]    ; OUTPUT[15]  ; 11.281 ; 11.281 ; 11.281 ; 11.281 ;
; MIR[22]    ; OUTPUT[16]  ; 10.744 ; 10.744 ; 10.744 ; 10.744 ;
; MIR[22]    ; OUTPUT[17]  ; 11.731 ; 11.731 ; 11.731 ; 11.731 ;
; MIR[22]    ; OUTPUT[18]  ; 11.497 ; 11.497 ; 11.497 ; 11.497 ;
; MIR[22]    ; OUTPUT[19]  ; 11.485 ; 11.485 ; 11.485 ; 11.485 ;
; MIR[22]    ; OUTPUT[20]  ; 10.927 ; 10.927 ; 10.927 ; 10.927 ;
; MIR[22]    ; OUTPUT[21]  ; 11.102 ; 11.102 ; 11.102 ; 11.102 ;
; MIR[22]    ; OUTPUT[22]  ; 11.045 ; 11.045 ; 11.045 ; 11.045 ;
; MIR[22]    ; OUTPUT[23]  ; 11.505 ; 11.505 ; 11.505 ; 11.505 ;
; MIR[22]    ; OUTPUT[24]  ; 11.213 ; 11.213 ; 11.213 ; 11.213 ;
; MIR[22]    ; OUTPUT[25]  ; 10.980 ; 10.980 ; 10.980 ; 10.980 ;
; MIR[22]    ; OUTPUT[26]  ; 11.025 ; 11.025 ; 11.025 ; 11.025 ;
; MIR[22]    ; OUTPUT[27]  ; 10.974 ; 10.974 ; 10.974 ; 10.974 ;
; MIR[22]    ; OUTPUT[28]  ; 11.053 ; 11.053 ; 11.053 ; 11.053 ;
; MIR[22]    ; OUTPUT[29]  ; 10.927 ; 10.927 ; 10.927 ; 10.927 ;
; MIR[22]    ; OUTPUT[30]  ; 12.435 ; 12.435 ; 12.435 ; 12.435 ;
; MIR[22]    ; OUTPUT[31]  ; 12.041 ; 12.041 ; 12.041 ; 12.041 ;
; MIR[22]    ; Z           ; 15.202 ; 15.202 ; 15.202 ; 15.202 ;
; MIR[23]    ; N           ; 11.499 ; 11.499 ; 11.499 ; 11.499 ;
; MIR[23]    ; OUTPUT[0]   ; 10.350 ; 10.350 ; 10.350 ; 10.350 ;
; MIR[23]    ; OUTPUT[1]   ; 9.831  ; 9.831  ; 9.831  ; 9.831  ;
; MIR[23]    ; OUTPUT[2]   ; 10.057 ; 10.057 ; 10.057 ; 10.057 ;
; MIR[23]    ; OUTPUT[3]   ; 10.279 ; 10.279 ; 10.279 ; 10.279 ;
; MIR[23]    ; OUTPUT[4]   ; 10.065 ; 10.065 ; 10.065 ; 10.065 ;
; MIR[23]    ; OUTPUT[5]   ; 11.042 ; 11.042 ; 11.042 ; 11.042 ;
; MIR[23]    ; OUTPUT[6]   ; 11.190 ; 11.190 ; 11.190 ; 11.190 ;
; MIR[23]    ; OUTPUT[7]   ; 10.411 ; 10.411 ; 10.411 ; 10.411 ;
; MIR[23]    ; OUTPUT[8]   ; 10.939 ; 10.939 ; 10.939 ; 10.939 ;
; MIR[23]    ; OUTPUT[9]   ; 11.241 ; 11.241 ; 11.241 ; 11.241 ;
; MIR[23]    ; OUTPUT[10]  ; 10.963 ; 10.963 ; 10.963 ; 10.963 ;
; MIR[23]    ; OUTPUT[11]  ; 10.972 ; 10.972 ; 10.972 ; 10.972 ;
; MIR[23]    ; OUTPUT[12]  ; 10.984 ; 10.984 ; 10.984 ; 10.984 ;
; MIR[23]    ; OUTPUT[13]  ; 11.558 ; 11.558 ; 11.558 ; 11.558 ;
; MIR[23]    ; OUTPUT[14]  ; 10.936 ; 10.936 ; 10.936 ; 10.936 ;
; MIR[23]    ; OUTPUT[15]  ; 11.378 ; 11.378 ; 11.378 ; 11.378 ;
; MIR[23]    ; OUTPUT[16]  ; 11.176 ; 11.176 ; 11.176 ; 11.176 ;
; MIR[23]    ; OUTPUT[17]  ; 12.099 ; 12.099 ; 12.099 ; 12.099 ;
; MIR[23]    ; OUTPUT[18]  ; 11.531 ; 11.531 ; 11.531 ; 11.531 ;
; MIR[23]    ; OUTPUT[19]  ; 11.552 ; 11.552 ; 11.552 ; 11.552 ;
; MIR[23]    ; OUTPUT[20]  ; 10.710 ; 10.710 ; 10.710 ; 10.710 ;
; MIR[23]    ; OUTPUT[21]  ; 11.318 ; 11.318 ; 11.318 ; 11.318 ;
; MIR[23]    ; OUTPUT[22]  ; 10.979 ; 10.979 ; 10.979 ; 10.979 ;
; MIR[23]    ; OUTPUT[23]  ; 11.336 ; 11.336 ; 11.336 ; 11.336 ;
; MIR[23]    ; OUTPUT[24]  ; 11.076 ; 11.076 ; 11.076 ; 11.076 ;
; MIR[23]    ; OUTPUT[25]  ; 10.844 ; 10.844 ; 10.844 ; 10.844 ;
; MIR[23]    ; OUTPUT[26]  ; 10.812 ; 10.812 ; 10.812 ; 10.812 ;
; MIR[23]    ; OUTPUT[27]  ; 11.326 ; 11.326 ; 11.326 ; 11.326 ;
; MIR[23]    ; OUTPUT[28]  ; 11.067 ; 11.067 ; 11.067 ; 11.067 ;
; MIR[23]    ; OUTPUT[29]  ; 10.869 ; 10.869 ; 10.869 ; 10.869 ;
; MIR[23]    ; OUTPUT[30]  ; 12.353 ; 12.353 ; 12.353 ; 12.353 ;
; MIR[23]    ; OUTPUT[31]  ; 11.970 ; 11.970 ; 11.970 ; 11.970 ;
; MIR[23]    ; Z           ; 15.570 ; 15.570 ; 15.570 ; 15.570 ;
+------------+-------------+--------+--------+--------+--------+


+----------------------------------------------------------+
; Minimum Progagation Delay                                ;
+------------+-------------+-------+-------+-------+-------+
; Input Port ; Output Port ; RR    ; RF    ; FR    ; FF    ;
+------------+-------------+-------+-------+-------+-------+
; INPUT[0]   ; OUTPUT[0]   ; 5.576 ;       ;       ; 5.576 ;
; INPUT[0]   ; OUTPUT[8]   ; 5.817 ;       ;       ; 5.817 ;
; INPUT[0]   ; Z           ;       ; 6.137 ; 6.137 ;       ;
; INPUT[1]   ; OUTPUT[0]   ; 5.451 ;       ;       ; 5.451 ;
; INPUT[1]   ; OUTPUT[1]   ; 5.461 ;       ;       ; 5.461 ;
; INPUT[1]   ; OUTPUT[9]   ; 5.951 ;       ;       ; 5.951 ;
; INPUT[1]   ; Z           ;       ; 6.012 ; 6.012 ;       ;
; INPUT[2]   ; OUTPUT[1]   ; 5.437 ;       ;       ; 5.437 ;
; INPUT[2]   ; OUTPUT[2]   ; 5.508 ;       ;       ; 5.508 ;
; INPUT[2]   ; OUTPUT[10]  ; 6.032 ;       ;       ; 6.032 ;
; INPUT[2]   ; Z           ;       ; 6.201 ; 6.201 ;       ;
; INPUT[3]   ; OUTPUT[2]   ; 5.392 ;       ;       ; 5.392 ;
; INPUT[3]   ; OUTPUT[3]   ; 5.416 ;       ;       ; 5.416 ;
; INPUT[3]   ; OUTPUT[11]  ; 5.770 ;       ;       ; 5.770 ;
; INPUT[3]   ; Z           ;       ; 6.342 ; 6.342 ;       ;
; INPUT[4]   ; OUTPUT[3]   ; 5.397 ;       ;       ; 5.397 ;
; INPUT[4]   ; OUTPUT[4]   ; 5.310 ;       ;       ; 5.310 ;
; INPUT[4]   ; OUTPUT[12]  ; 5.455 ;       ;       ; 5.455 ;
; INPUT[4]   ; Z           ;       ; 6.323 ; 6.323 ;       ;
; INPUT[5]   ; OUTPUT[4]   ; 5.502 ;       ;       ; 5.502 ;
; INPUT[5]   ; OUTPUT[5]   ; 6.070 ;       ;       ; 6.070 ;
; INPUT[5]   ; OUTPUT[13]  ; 6.242 ;       ;       ; 6.242 ;
; INPUT[5]   ; Z           ;       ; 6.743 ; 6.743 ;       ;
; INPUT[6]   ; OUTPUT[5]   ; 5.772 ;       ;       ; 5.772 ;
; INPUT[6]   ; OUTPUT[6]   ; 5.787 ;       ;       ; 5.787 ;
; INPUT[6]   ; OUTPUT[14]  ; 5.761 ;       ;       ; 5.761 ;
; INPUT[6]   ; Z           ;       ; 6.882 ; 6.882 ;       ;
; INPUT[7]   ; OUTPUT[6]   ; 5.676 ;       ;       ; 5.676 ;
; INPUT[7]   ; OUTPUT[7]   ; 5.549 ;       ;       ; 5.549 ;
; INPUT[7]   ; OUTPUT[15]  ; 5.731 ;       ;       ; 5.731 ;
; INPUT[7]   ; Z           ;       ; 6.826 ; 6.826 ;       ;
; INPUT[8]   ; OUTPUT[7]   ; 5.546 ;       ;       ; 5.546 ;
; INPUT[8]   ; OUTPUT[8]   ; 5.645 ;       ;       ; 5.645 ;
; INPUT[8]   ; OUTPUT[16]  ; 5.735 ;       ;       ; 5.735 ;
; INPUT[8]   ; Z           ;       ; 6.029 ; 6.029 ;       ;
; INPUT[9]   ; OUTPUT[8]   ; 5.789 ;       ;       ; 5.789 ;
; INPUT[9]   ; OUTPUT[9]   ; 5.630 ;       ;       ; 5.630 ;
; INPUT[9]   ; OUTPUT[17]  ; 6.457 ;       ;       ; 6.457 ;
; INPUT[9]   ; Z           ;       ; 6.067 ; 6.067 ;       ;
; INPUT[10]  ; OUTPUT[9]   ; 5.865 ;       ;       ; 5.865 ;
; INPUT[10]  ; OUTPUT[10]  ; 5.588 ;       ;       ; 5.588 ;
; INPUT[10]  ; OUTPUT[18]  ; 5.974 ;       ;       ; 5.974 ;
; INPUT[10]  ; Z           ;       ; 6.302 ; 6.302 ;       ;
; INPUT[11]  ; OUTPUT[10]  ; 3.712 ;       ;       ; 3.712 ;
; INPUT[11]  ; OUTPUT[11]  ; 3.153 ;       ;       ; 3.153 ;
; INPUT[11]  ; OUTPUT[19]  ; 3.775 ;       ;       ; 3.775 ;
; INPUT[11]  ; Z           ;       ; 4.283 ; 4.283 ;       ;
; INPUT[12]  ; OUTPUT[11]  ; 3.434 ;       ;       ; 3.434 ;
; INPUT[12]  ; OUTPUT[12]  ; 2.969 ;       ;       ; 2.969 ;
; INPUT[12]  ; OUTPUT[20]  ; 3.367 ;       ;       ; 3.367 ;
; INPUT[12]  ; Z           ;       ; 4.134 ; 4.134 ;       ;
; INPUT[13]  ; OUTPUT[12]  ; 3.343 ;       ;       ; 3.343 ;
; INPUT[13]  ; OUTPUT[13]  ; 3.287 ;       ;       ; 3.287 ;
; INPUT[13]  ; OUTPUT[21]  ; 3.313 ;       ;       ; 3.313 ;
; INPUT[13]  ; Z           ;       ; 4.274 ; 4.274 ;       ;
; INPUT[14]  ; OUTPUT[13]  ; 3.793 ;       ;       ; 3.793 ;
; INPUT[14]  ; OUTPUT[14]  ; 3.094 ;       ;       ; 3.094 ;
; INPUT[14]  ; OUTPUT[22]  ; 3.529 ;       ;       ; 3.529 ;
; INPUT[14]  ; Z           ;       ; 4.780 ; 4.780 ;       ;
; INPUT[15]  ; OUTPUT[14]  ; 5.589 ;       ;       ; 5.589 ;
; INPUT[15]  ; OUTPUT[15]  ; 5.530 ;       ;       ; 5.530 ;
; INPUT[15]  ; OUTPUT[23]  ; 5.841 ;       ;       ; 5.841 ;
; INPUT[15]  ; Z           ;       ; 7.189 ; 7.189 ;       ;
; INPUT[16]  ; OUTPUT[15]  ; 5.784 ;       ;       ; 5.784 ;
; INPUT[16]  ; OUTPUT[16]  ; 5.381 ;       ;       ; 5.381 ;
; INPUT[16]  ; OUTPUT[24]  ; 5.756 ;       ;       ; 5.756 ;
; INPUT[16]  ; Z           ;       ; 7.099 ; 7.099 ;       ;
; INPUT[17]  ; OUTPUT[16]  ; 6.042 ;       ;       ; 6.042 ;
; INPUT[17]  ; OUTPUT[17]  ; 5.784 ;       ;       ; 5.784 ;
; INPUT[17]  ; OUTPUT[25]  ; 5.969 ;       ;       ; 5.969 ;
; INPUT[17]  ; Z           ;       ; 7.457 ; 7.457 ;       ;
; INPUT[18]  ; OUTPUT[17]  ; 6.269 ;       ;       ; 6.269 ;
; INPUT[18]  ; OUTPUT[18]  ; 5.798 ;       ;       ; 5.798 ;
; INPUT[18]  ; OUTPUT[26]  ; 5.823 ;       ;       ; 5.823 ;
; INPUT[18]  ; Z           ;       ; 7.048 ; 7.048 ;       ;
; INPUT[19]  ; OUTPUT[18]  ; 6.022 ;       ;       ; 6.022 ;
; INPUT[19]  ; OUTPUT[19]  ; 5.867 ;       ;       ; 5.867 ;
; INPUT[19]  ; OUTPUT[27]  ; 6.008 ;       ;       ; 6.008 ;
; INPUT[19]  ; Z           ;       ; 7.193 ; 7.193 ;       ;
; INPUT[20]  ; OUTPUT[19]  ; 5.918 ;       ;       ; 5.918 ;
; INPUT[20]  ; OUTPUT[20]  ; 5.431 ;       ;       ; 5.431 ;
; INPUT[20]  ; OUTPUT[28]  ; 5.707 ;       ;       ; 5.707 ;
; INPUT[20]  ; Z           ;       ; 6.912 ; 6.912 ;       ;
; INPUT[21]  ; OUTPUT[20]  ; 5.645 ;       ;       ; 5.645 ;
; INPUT[21]  ; OUTPUT[21]  ; 5.521 ;       ;       ; 5.521 ;
; INPUT[21]  ; OUTPUT[29]  ; 5.766 ;       ;       ; 5.766 ;
; INPUT[21]  ; Z           ;       ; 7.094 ; 7.094 ;       ;
; INPUT[22]  ; OUTPUT[21]  ; 5.727 ;       ;       ; 5.727 ;
; INPUT[22]  ; OUTPUT[22]  ; 5.440 ;       ;       ; 5.440 ;
; INPUT[22]  ; OUTPUT[30]  ; 6.104 ;       ;       ; 6.104 ;
; INPUT[22]  ; Z           ;       ; 6.962 ; 6.962 ;       ;
; INPUT[23]  ; N           ; 6.002 ;       ;       ; 6.002 ;
; INPUT[23]  ; OUTPUT[22]  ; 5.647 ;       ;       ; 5.647 ;
; INPUT[23]  ; OUTPUT[23]  ; 5.363 ;       ;       ; 5.363 ;
; INPUT[23]  ; OUTPUT[31]  ; 6.204 ;       ;       ; 6.204 ;
; INPUT[23]  ; Z           ;       ; 6.738 ; 6.738 ;       ;
; INPUT[24]  ; OUTPUT[23]  ; 6.071 ;       ;       ; 6.071 ;
; INPUT[24]  ; OUTPUT[24]  ; 5.660 ;       ;       ; 5.660 ;
; INPUT[24]  ; Z           ;       ; 7.439 ; 7.439 ;       ;
; INPUT[25]  ; OUTPUT[24]  ; 5.734 ;       ;       ; 5.734 ;
; INPUT[25]  ; OUTPUT[25]  ; 5.344 ;       ;       ; 5.344 ;
; INPUT[25]  ; Z           ;       ; 7.246 ; 7.246 ;       ;
; INPUT[26]  ; OUTPUT[25]  ; 5.697 ;       ;       ; 5.697 ;
; INPUT[26]  ; OUTPUT[26]  ; 5.601 ;       ;       ; 5.601 ;
; INPUT[26]  ; Z           ;       ; 6.949 ; 6.949 ;       ;
; INPUT[27]  ; OUTPUT[26]  ; 5.555 ;       ;       ; 5.555 ;
; INPUT[27]  ; OUTPUT[27]  ; 5.510 ;       ;       ; 5.510 ;
; INPUT[27]  ; Z           ;       ; 6.723 ; 6.723 ;       ;
; INPUT[28]  ; OUTPUT[27]  ; 5.895 ;       ;       ; 5.895 ;
; INPUT[28]  ; OUTPUT[28]  ; 5.610 ;       ;       ; 5.610 ;
; INPUT[28]  ; Z           ;       ; 6.864 ; 6.864 ;       ;
; INPUT[29]  ; OUTPUT[28]  ; 5.780 ;       ;       ; 5.780 ;
; INPUT[29]  ; OUTPUT[29]  ; 5.502 ;       ;       ; 5.502 ;
; INPUT[29]  ; Z           ;       ; 6.830 ; 6.830 ;       ;
; INPUT[30]  ; OUTPUT[29]  ; 5.743 ;       ;       ; 5.743 ;
; INPUT[30]  ; OUTPUT[30]  ; 6.586 ;       ;       ; 6.586 ;
; INPUT[30]  ; Z           ;       ; 7.071 ; 7.071 ;       ;
; INPUT[31]  ; N           ; 6.120 ;       ;       ; 6.120 ;
; INPUT[31]  ; OUTPUT[30]  ; 6.568 ;       ;       ; 6.568 ;
; INPUT[31]  ; OUTPUT[31]  ; 6.322 ;       ;       ; 6.322 ;
; INPUT[31]  ; Z           ;       ; 6.856 ; 6.856 ;       ;
; MIR[22]    ; N           ; 6.288 ; 6.288 ; 6.288 ; 6.288 ;
; MIR[22]    ; OUTPUT[0]   ; 5.544 ; 5.544 ; 5.544 ; 5.544 ;
; MIR[22]    ; OUTPUT[1]   ; 5.498 ; 5.498 ; 5.498 ; 5.498 ;
; MIR[22]    ; OUTPUT[2]   ; 5.279 ; 5.279 ; 5.279 ; 5.279 ;
; MIR[22]    ; OUTPUT[3]   ; 5.442 ; 5.442 ; 5.442 ; 5.442 ;
; MIR[22]    ; OUTPUT[4]   ; 5.277 ; 5.277 ; 5.277 ; 5.277 ;
; MIR[22]    ; OUTPUT[5]   ; 6.081 ; 6.081 ; 6.081 ; 6.081 ;
; MIR[22]    ; OUTPUT[6]   ; 6.090 ; 6.090 ; 6.090 ; 6.090 ;
; MIR[22]    ; OUTPUT[7]   ; 5.846 ; 5.846 ; 5.846 ; 5.846 ;
; MIR[22]    ; OUTPUT[8]   ; 5.627 ; 5.627 ; 5.627 ; 5.627 ;
; MIR[22]    ; OUTPUT[9]   ; 5.631 ; 5.631 ; 5.631 ; 5.631 ;
; MIR[22]    ; OUTPUT[10]  ; 5.643 ; 5.643 ; 5.643 ; 5.643 ;
; MIR[22]    ; OUTPUT[11]  ; 5.359 ; 5.359 ; 5.359 ; 5.359 ;
; MIR[22]    ; OUTPUT[12]  ; 5.340 ; 5.340 ; 5.340 ; 5.340 ;
; MIR[22]    ; OUTPUT[13]  ; 6.031 ; 6.031 ; 6.031 ; 6.031 ;
; MIR[22]    ; OUTPUT[14]  ; 5.770 ; 5.770 ; 5.770 ; 5.770 ;
; MIR[22]    ; OUTPUT[15]  ; 5.921 ; 5.921 ; 5.921 ; 5.921 ;
; MIR[22]    ; OUTPUT[16]  ; 5.594 ; 5.594 ; 5.594 ; 5.594 ;
; MIR[22]    ; OUTPUT[17]  ; 5.901 ; 5.901 ; 5.901 ; 5.901 ;
; MIR[22]    ; OUTPUT[18]  ; 6.095 ; 6.095 ; 6.095 ; 6.095 ;
; MIR[22]    ; OUTPUT[19]  ; 6.108 ; 6.108 ; 6.108 ; 6.108 ;
; MIR[22]    ; OUTPUT[20]  ; 5.784 ; 5.784 ; 5.784 ; 5.784 ;
; MIR[22]    ; OUTPUT[21]  ; 5.633 ; 5.633 ; 5.633 ; 5.633 ;
; MIR[22]    ; OUTPUT[22]  ; 5.638 ; 5.638 ; 5.638 ; 5.638 ;
; MIR[22]    ; OUTPUT[23]  ; 5.762 ; 5.762 ; 5.762 ; 5.762 ;
; MIR[22]    ; OUTPUT[24]  ; 5.823 ; 5.823 ; 5.823 ; 5.823 ;
; MIR[22]    ; OUTPUT[25]  ; 5.706 ; 5.706 ; 5.706 ; 5.706 ;
; MIR[22]    ; OUTPUT[26]  ; 5.876 ; 5.876 ; 5.876 ; 5.876 ;
; MIR[22]    ; OUTPUT[27]  ; 5.994 ; 5.994 ; 5.994 ; 5.994 ;
; MIR[22]    ; OUTPUT[28]  ; 5.880 ; 5.880 ; 5.880 ; 5.880 ;
; MIR[22]    ; OUTPUT[29]  ; 5.771 ; 5.771 ; 5.771 ; 5.771 ;
; MIR[22]    ; OUTPUT[30]  ; 6.733 ; 6.301 ; 6.301 ; 6.733 ;
; MIR[22]    ; OUTPUT[31]  ; 6.490 ; 6.490 ; 6.490 ; 6.490 ;
; MIR[22]    ; Z           ; 6.011 ; 6.011 ; 6.011 ; 6.011 ;
; MIR[23]    ; N           ; 6.311 ; 6.311 ; 6.311 ; 6.311 ;
; MIR[23]    ; OUTPUT[0]   ; 5.786 ; 5.786 ; 5.786 ; 5.786 ;
; MIR[23]    ; OUTPUT[1]   ; 5.542 ; 5.542 ; 5.542 ; 5.542 ;
; MIR[23]    ; OUTPUT[2]   ; 5.657 ; 5.657 ; 5.657 ; 5.657 ;
; MIR[23]    ; OUTPUT[3]   ; 5.756 ; 5.756 ; 5.756 ; 5.756 ;
; MIR[23]    ; OUTPUT[4]   ; 5.660 ; 5.660 ; 5.660 ; 5.660 ;
; MIR[23]    ; OUTPUT[5]   ; 6.062 ; 6.062 ; 6.062 ; 6.062 ;
; MIR[23]    ; OUTPUT[6]   ; 6.161 ; 6.161 ; 6.161 ; 6.161 ;
; MIR[23]    ; OUTPUT[7]   ; 5.832 ; 5.832 ; 5.832 ; 5.832 ;
; MIR[23]    ; OUTPUT[8]   ; 5.863 ; 5.863 ; 5.863 ; 5.863 ;
; MIR[23]    ; OUTPUT[9]   ; 5.866 ; 5.866 ; 5.866 ; 5.866 ;
; MIR[23]    ; OUTPUT[10]  ; 5.856 ; 5.856 ; 5.856 ; 5.856 ;
; MIR[23]    ; OUTPUT[11]  ; 5.746 ; 5.746 ; 5.746 ; 5.746 ;
; MIR[23]    ; OUTPUT[12]  ; 5.647 ; 5.647 ; 5.647 ; 5.647 ;
; MIR[23]    ; OUTPUT[13]  ; 6.060 ; 6.060 ; 6.060 ; 6.060 ;
; MIR[23]    ; OUTPUT[14]  ; 5.772 ; 5.772 ; 5.772 ; 5.772 ;
; MIR[23]    ; OUTPUT[15]  ; 5.934 ; 5.934 ; 5.934 ; 5.934 ;
; MIR[23]    ; OUTPUT[16]  ; 5.815 ; 5.815 ; 5.815 ; 5.815 ;
; MIR[23]    ; OUTPUT[17]  ; 6.017 ; 6.017 ; 6.017 ; 6.017 ;
; MIR[23]    ; OUTPUT[18]  ; 6.172 ; 6.172 ; 6.172 ; 6.172 ;
; MIR[23]    ; OUTPUT[19]  ; 6.185 ; 6.185 ; 6.185 ; 6.185 ;
; MIR[23]    ; OUTPUT[20]  ; 5.860 ; 5.860 ; 5.860 ; 5.860 ;
; MIR[23]    ; OUTPUT[21]  ; 5.799 ; 5.799 ; 5.799 ; 5.799 ;
; MIR[23]    ; OUTPUT[22]  ; 5.869 ; 5.869 ; 5.869 ; 5.869 ;
; MIR[23]    ; OUTPUT[23]  ; 5.795 ; 5.795 ; 5.795 ; 5.795 ;
; MIR[23]    ; OUTPUT[24]  ; 5.816 ; 5.816 ; 5.816 ; 5.816 ;
; MIR[23]    ; OUTPUT[25]  ; 5.723 ; 5.723 ; 5.723 ; 5.723 ;
; MIR[23]    ; OUTPUT[26]  ; 5.962 ; 5.962 ; 5.962 ; 5.962 ;
; MIR[23]    ; OUTPUT[27]  ; 6.084 ; 6.084 ; 6.084 ; 6.084 ;
; MIR[23]    ; OUTPUT[28]  ; 5.975 ; 5.975 ; 5.975 ; 5.975 ;
; MIR[23]    ; OUTPUT[29]  ; 5.870 ; 5.870 ; 5.870 ; 5.870 ;
; MIR[23]    ; OUTPUT[30]  ; 6.606 ; 6.765 ; 6.765 ; 6.606 ;
; MIR[23]    ; OUTPUT[31]  ; 6.513 ; 6.513 ; 6.513 ; 6.513 ;
; MIR[23]    ; Z           ; 6.247 ; 6.247 ; 6.247 ; 6.247 ;
+------------+-------------+-------+-------+-------+-------+


-------------------
; Clock Transfers ;
-------------------
Nothing to report.


---------------
; Report TCCS ;
---------------
No dedicated SERDES Transmitter circuitry present in device or used in design


---------------
; Report RSKM ;
---------------
No dedicated SERDES Receiver circuitry present in device or used in design


+------------------------------------------------+
; Unconstrained Paths                            ;
+---------------------------------+-------+------+
; Property                        ; Setup ; Hold ;
+---------------------------------+-------+------+
; Illegal Clocks                  ; 0     ; 0    ;
; Unconstrained Clocks            ; 0     ; 0    ;
; Unconstrained Input Ports       ; 34    ; 34   ;
; Unconstrained Input Port Paths  ; 189   ; 189  ;
; Unconstrained Output Ports      ; 34    ; 34   ;
; Unconstrained Output Port Paths ; 189   ; 189  ;
+---------------------------------+-------+------+


+------------------------------------+
; TimeQuest Timing Analyzer Messages ;
+------------------------------------+
Info: *******************************************************************
Info: Running Quartus II 32-bit TimeQuest Timing Analyzer
    Info: Version 13.0.1 Build 232 06/12/2013 Service Pack 1 SJ Web Edition
    Info: Processing started: Mon Jul 15 10:28:51 2024
Info: Command: quartus_sta MC1 -c MC1
Info: qsta_default_script.tcl version: #1
Warning (20028): Parallel compilation is not licensed and has been disabled
Critical Warning (332012): Synopsys Design Constraints File file not found: 'MC1.sdc'. A Synopsys Design Constraints File is required by the TimeQuest Timing Analyzer to get proper timing constraints. Without it, the Compiler will not properly optimize the design.
Info (332142): No user constrained base clocks found in the design. Calling "derive_clocks -period 1.0"
Info (332096): The command derive_clocks did not find any clocks to derive.  No clocks were created or changed.
Warning (332068): No clocks defined in design.
Info: Found TIMEQUEST_REPORT_SCRIPT_INCLUDE_DEFAULT_ANALYSIS = ON
Info (332159): No clocks to report
Info: Analyzing Slow Model
Info (332140): No fmax paths to report
Info (332140): No Setup paths to report
Info (332140): No Hold paths to report
Info (332140): No Recovery paths to report
Info (332140): No Removal paths to report
Info (332140): No Minimum Pulse Width paths to report
Info (332001): The selected device family is not supported by the report_metastability command.
Info: Analyzing Fast Model
Info (332142): No user constrained base clocks found in the design. Calling "derive_clocks -period 1.0"
Info (332096): The command derive_clocks did not find any clocks to derive.  No clocks were created or changed.
Warning (332068): No clocks defined in design.
Info (332140): No Setup paths to report
Info (332140): No Hold paths to report
Info (332140): No Recovery paths to report
Info (332140): No Removal paths to report
Info (332140): No Minimum Pulse Width paths to report
Info (332001): The selected device family is not supported by the report_metastability command.
Info (332102): Design is not fully constrained for setup requirements
Info (332102): Design is not fully constrained for hold requirements
Info: Quartus II 32-bit TimeQuest Timing Analyzer was successful. 0 errors, 4 warnings
    Info: Peak virtual memory: 298 megabytes
    Info: Processing ended: Mon Jul 15 10:28:52 2024
    Info: Elapsed time: 00:00:01
    Info: Total CPU time (on all processors): 00:00:00


